Compiling the C compiler identification source file "CMakeCCompilerId.c" failed.
Compiler: /opt/apps/nfs/spack/opt/spack/linux-centos8-zen2/gcc-9.3.0/nvhpc-21.3-rjjnyvxif3czjq4groncoluqbhjt6g2u/Linux_x86_64/21.3/compilers/bin/nvc 
Build flags: -arch=sm_80
Id flags:  

The output was:
1
nvc-Error-Unknown switch: -arch=sm_80


Compiling the C compiler identification source file "CMakeCCompilerId.c" failed.
Compiler: /opt/apps/nfs/spack/opt/spack/linux-centos8-zen2/gcc-9.3.0/nvhpc-21.3-rjjnyvxif3czjq4groncoluqbhjt6g2u/Linux_x86_64/21.3/compilers/bin/nvc 
Build flags: -arch=sm_80
Id flags: -c 

The output was:
1
nvc-Error-Unknown switch: -arch=sm_80


Compiling the C compiler identification source file "CMakeCCompilerId.c" failed.
Compiler: /opt/apps/nfs/spack/opt/spack/linux-centos8-zen2/gcc-9.3.0/nvhpc-21.3-rjjnyvxif3czjq4groncoluqbhjt6g2u/Linux_x86_64/21.3/compilers/bin/nvc 
Build flags: -arch=sm_80
Id flags: -Aa 

The output was:
1
nvc-Error-Unknown switch: -arch=sm_80
nvc-Error-Unknown switch: -Aa


Compiling the C compiler identification source file "CMakeCCompilerId.c" failed.
Compiler: /opt/apps/nfs/spack/opt/spack/linux-centos8-zen2/gcc-9.3.0/nvhpc-21.3-rjjnyvxif3czjq4groncoluqbhjt6g2u/Linux_x86_64/21.3/compilers/bin/nvc 
Build flags: -arch=sm_80
Id flags: -D__CLASSIC_C__ 

The output was:
1
nvc-Error-Unknown switch: -arch=sm_80


Compiling the CXX compiler identification source file "CMakeCXXCompilerId.cpp" failed.
Compiler: /opt/apps/nfs/spack/opt/spack/linux-centos8-zen2/gcc-9.3.0/nvhpc-21.3-rjjnyvxif3czjq4groncoluqbhjt6g2u/Linux_x86_64/21.3/compilers/bin/nvc++ 
Build flags: -arch=sm_80
Id flags:  

The output was:
1
nvc++-Error-Unknown switch: -arch=sm_80


Compiling the CXX compiler identification source file "CMakeCXXCompilerId.cpp" failed.
Compiler: /opt/apps/nfs/spack/opt/spack/linux-centos8-zen2/gcc-9.3.0/nvhpc-21.3-rjjnyvxif3czjq4groncoluqbhjt6g2u/Linux_x86_64/21.3/compilers/bin/nvc++ 
Build flags: -arch=sm_80
Id flags: -c 

The output was:
1
nvc++-Error-Unknown switch: -arch=sm_80


Compiling the CXX compiler identification source file "CMakeCXXCompilerId.cpp" failed.
Compiler: /opt/apps/nfs/spack/opt/spack/linux-centos8-zen2/gcc-9.3.0/nvhpc-21.3-rjjnyvxif3czjq4groncoluqbhjt6g2u/Linux_x86_64/21.3/compilers/bin/nvc++ 
Build flags: -arch=sm_80
Id flags: --c++ 

The output was:
1
nvc++-Error-Unknown switch: -arch=sm_80
nvc++-Error-Unknown switch: --c++


Compiling the CXX compiler identification source file "CMakeCXXCompilerId.cpp" failed.
Compiler: /opt/apps/nfs/spack/opt/spack/linux-centos8-zen2/gcc-9.3.0/nvhpc-21.3-rjjnyvxif3czjq4groncoluqbhjt6g2u/Linux_x86_64/21.3/compilers/bin/nvc++ 
Build flags: -arch=sm_80
Id flags: --ec++ 

The output was:
1
nvc++-Error-Unknown switch: -arch=sm_80
nvc++-Error-Unknown switch: --ec++


Determining if the C compiler works failed with the following output:
Change Dir: /home/and21829/circustent_journal_eval/circustent/build/CMakeFiles/CMakeTmp

Run Build Command(s):/usr/bin/gmake cmTC_3857a/fast && /usr/bin/gmake  -f CMakeFiles/cmTC_3857a.dir/build.make CMakeFiles/cmTC_3857a.dir/build
gmake[1]: Entering directory '/home/and21829/circustent_journal_eval/circustent/build/CMakeFiles/CMakeTmp'
CMakeFiles/cmTC_3857a.dir/build.make:75: CMakeFiles/cmTC_3857a.dir/depend.make: No such file or directory
gmake[1]: *** No rule to make target 'CMakeFiles/cmTC_3857a.dir/depend.make'.  Stop.
gmake[1]: Leaving directory '/home/and21829/circustent_journal_eval/circustent/build/CMakeFiles/CMakeTmp'
gmake: *** [Makefile:141: cmTC_3857a/fast] Error 2



