The system is: Linux - 4.18.0-147.8.1.el8_1.x86_64 - x86_64
Compiling the C compiler identification source file "CMakeCCompilerId.c" succeeded.
Compiler: /opt/apps/nfs/spack/opt/spack/linux-centos8-zen2/gcc-9.3.0/nvhpc-21.3-rjjnyvxif3czjq4groncoluqbhjt6g2u/Linux_x86_64/21.3/compilers/bin/nvc 
Build flags: -ta=tesla:cc80
Id flags:  

The output was:
0


Compilation of the C compiler identification source "CMakeCCompilerId.c" produced "a.out"

The C compiler identification is PGI, found in "/home/and21829/circustent_journal_eval/circustent/build/CMakeFiles/3.17.3/CompilerIdC/a.out"

Compiling the CXX compiler identification source file "CMakeCXXCompilerId.cpp" succeeded.
Compiler: /opt/apps/nfs/spack/opt/spack/linux-centos8-zen2/gcc-9.3.0/nvhpc-21.3-rjjnyvxif3czjq4groncoluqbhjt6g2u/Linux_x86_64/21.3/compilers/bin/nvc++ 
Build flags: -ta=tesla:cc80
Id flags:  

The output was:
0


Compilation of the CXX compiler identification source "CMakeCXXCompilerId.cpp" produced "a.out"

The CXX compiler identification is PGI, found in "/home/and21829/circustent_journal_eval/circustent/build/CMakeFiles/3.17.3/CompilerIdCXX/a.out"

Determining if the C compiler works passed with the following output:
Change Dir: /home/and21829/circustent_journal_eval/circustent/build/CMakeFiles/CMakeTmp

Run Build Command(s):/usr/bin/gmake cmTC_2adb1/fast && /usr/bin/gmake  -f CMakeFiles/cmTC_2adb1.dir/build.make CMakeFiles/cmTC_2adb1.dir/build
gmake[1]: Entering directory '/home/and21829/circustent_journal_eval/circustent/build/CMakeFiles/CMakeTmp'
Building C object CMakeFiles/cmTC_2adb1.dir/testCCompiler.c.o
/opt/apps/nfs/spack/opt/spack/linux-centos8-zen2/gcc-9.3.0/nvhpc-21.3-rjjnyvxif3czjq4groncoluqbhjt6g2u/Linux_x86_64/21.3/compilers/bin/nvc   -ta=tesla:cc80    -o CMakeFiles/cmTC_2adb1.dir/testCCompiler.c.o   -c /home/and21829/circustent_journal_eval/circustent/build/CMakeFiles/CMakeTmp/testCCompiler.c
Linking C executable cmTC_2adb1
/opt/apps/nfs/spack/opt/spack/linux-centos8-zen2/gcc-9.3.0/cmake-3.17.3-6oxbiqlh3iqc4dn77nufq56pdrsoqa3j/bin/cmake -E cmake_link_script CMakeFiles/cmTC_2adb1.dir/link.txt --verbose=1
/opt/apps/nfs/spack/opt/spack/linux-centos8-zen2/gcc-9.3.0/nvhpc-21.3-rjjnyvxif3czjq4groncoluqbhjt6g2u/Linux_x86_64/21.3/compilers/bin/nvc -ta=tesla:cc80     CMakeFiles/cmTC_2adb1.dir/testCCompiler.c.o  -o cmTC_2adb1 
gmake[1]: Leaving directory '/home/and21829/circustent_journal_eval/circustent/build/CMakeFiles/CMakeTmp'



Detecting C compiler ABI info compiled with the following output:
Change Dir: /home/and21829/circustent_journal_eval/circustent/build/CMakeFiles/CMakeTmp

Run Build Command(s):/usr/bin/gmake cmTC_e1af4/fast && /usr/bin/gmake  -f CMakeFiles/cmTC_e1af4.dir/build.make CMakeFiles/cmTC_e1af4.dir/build
gmake[1]: Entering directory '/home/and21829/circustent_journal_eval/circustent/build/CMakeFiles/CMakeTmp'
Building C object CMakeFiles/cmTC_e1af4.dir/CMakeCCompilerABI.c.o
/opt/apps/nfs/spack/opt/spack/linux-centos8-zen2/gcc-9.3.0/nvhpc-21.3-rjjnyvxif3czjq4groncoluqbhjt6g2u/Linux_x86_64/21.3/compilers/bin/nvc   -ta=tesla:cc80    -v -o CMakeFiles/cmTC_e1af4.dir/CMakeCCompilerABI.c.o   -c /opt/apps/nfs/spack/opt/spack/linux-centos8-zen2/gcc-9.3.0/cmake-3.17.3-6oxbiqlh3iqc4dn77nufq56pdrsoqa3j/share/cmake-3.17/Modules/CMakeCCompilerABI.c
Export PGI_CURR_CUDA_HOME=/opt/apps/nfs/spack/opt/spack/linux-centos8-zen2/gcc-9.3.0/nvhpc-21.3-rjjnyvxif3czjq4groncoluqbhjt6g2u/Linux_x86_64/21.3/cuda/11.2
Export NVCOMPILER=/opt/apps/nfs/spack/opt/spack/linux-centos8-zen2/gcc-9.3.0/nvhpc-21.3-rjjnyvxif3czjq4groncoluqbhjt6g2u/Linux_x86_64/21.3
Export PGI=/opt/apps/nfs/spack/opt/spack/linux-centos8-zen2/gcc-9.3.0/nvhpc-21.3-rjjnyvxif3czjq4groncoluqbhjt6g2u

/opt/apps/nfs/spack/opt/spack/linux-centos8-zen2/gcc-9.3.0/nvhpc-21.3-rjjnyvxif3czjq4groncoluqbhjt6g2u/Linux_x86_64/21.3/compilers/bin/tools/cpp1 --llalign -Dunix -D__unix -D__unix__ -Dlinux -D__linux -D__linux__ -D__NO_MATH_INLINES -D__LP64__ -D__x86_64 -D__x86_64__ -D__LONG_MAX__=9223372036854775807L '-D__SIZE_TYPE__=unsigned long int' '-D__PTRDIFF_TYPE__=long int' -D__amd64 -D__amd64__ -D__k8 -D__k8__ -D__MMX__ -D__SSE__ -D__SSE2__ -D__SSE3__ -D__SSSE3__ -D__SSE4A__ -D__ABM__ -D__SSE4_2__ -D__AVX__ -D__AVX2__ -D__FMA__ -D__XSAVE__ -D__POPCNT__ -D__FXSR__ -D__PGI -D__NVCOMPILER -D_PGCG_SOURCE --c -I- -I/opt/apps/nfs/spack/opt/spack/linux-centos8-zen2/gcc-9.3.0/nvhpc-21.3-rjjnyvxif3czjq4groncoluqbhjt6g2u/Linux_x86_64/21.3/compilers/include-gcc70 -I/opt/apps/nfs/spack/opt/spack/linux-centos8-zen2/gcc-9.3.0/nvhpc-21.3-rjjnyvxif3czjq4groncoluqbhjt6g2u/Linux_x86_64/21.3/compilers/include -I/opt/apps/nfs/spack/opt/spack/linux-centos8-zen2/gcc-9.3.0/nvhpc-21.3-rjjnyvxif3czjq4groncoluqbhjt6g2u/Linux_x86_64/21.3/compilers/include-gcc70 -I/opt/apps/nfs/spack/opt/spack/linux-centos8-zen2/gcc-9.3.0/nvhpc-21.3-rjjnyvxif3czjq4groncoluqbhjt6g2u/Linux_x86_64/21.3/compilers/include -I/usr/lib/gcc/x86_64-redhat-linux/8/include -I/usr/local/include -I/usr/include -I/opt/apps/nfs/spack/opt/spack/linux-centos8-zen2/gcc-9.3.0/nvhpc-21.3-rjjnyvxif3czjq4groncoluqbhjt6g2u/Linux_x86_64/21.3/math_libs/11.2/include -I/opt/apps/nfs/spack/opt/spack/linux-centos8-zen2/gcc-9.3.0/nvhpc-21.3-rjjnyvxif3czjq4groncoluqbhjt6g2u/Linux_x86_64/21.3/cuda/11.2/include -D__PGLLVM__ -D__NVCOMPILER_LLVM__ -D__extension__= -D_ACCEL=201003 -D_OPENACC=201711 -DCUDA_VERSION=11020 -DPGI_TESLA_TARGET --preinclude _cplus_preinclude.h --preinclude_macros _cplus_macros.h --gnu_version=80301 -D__pgnu_vsn=80301 --accel --preinclude openacc_predef.h -q -o /tmp/nvcZfFezdwpIMnN.il /opt/apps/nfs/spack/opt/spack/linux-centos8-zen2/gcc-9.3.0/cmake-3.17.3-6oxbiqlh3iqc4dn77nufq56pdrsoqa3j/share/cmake-3.17/Modules/CMakeCCompilerABI.c

/opt/apps/nfs/spack/opt/spack/linux-centos8-zen2/gcc-9.3.0/nvhpc-21.3-rjjnyvxif3czjq4groncoluqbhjt6g2u/Linux_x86_64/21.3/compilers/bin/tools/cpp2 /opt/apps/nfs/spack/opt/spack/linux-centos8-zen2/gcc-9.3.0/cmake-3.17.3-6oxbiqlh3iqc4dn77nufq56pdrsoqa3j/share/cmake-3.17/Modules/CMakeCCompilerABI.c -opt 2 -x 119 0xa10000 -x 122 0x40 -x 123 0x1000 -x 127 4 -x 127 17 -x 19 0x400000 -x 28 0x40000 -x 120 0x10000000 -x 70 0x8000 -x 122 1 -x 125 0x20000 -quad -x 59 4 -tp zen -x 120 0x1000 -astype 0 -x 121 1 -fn /opt/apps/nfs/spack/opt/spack/linux-centos8-zen2/gcc-9.3.0/cmake-3.17.3-6oxbiqlh3iqc4dn77nufq56pdrsoqa3j/share/cmake-3.17/Modules/CMakeCCompilerABI.c -il /tmp/nvcZfFezdwpIMnN.il -x 123 0x80000000 -x 123 4 -x 119 0x20 -def __pgnu_vsn=80301 -x 70 0x40000000 -x 183 4 -x 121 0x800 -x 6 0x20000 -x 122 0x400000 -y 125 0x100000 -x 249 110 -x 120 0x200000 -x 70 0x40000000 -x 8 0x40000000 -x 164 0x800000 -x 85 0x2000 -x 85 0x4000 -x 34 0x40000000 -x 53 0x800000 -x 68 0x1 -x 39 4 -x 56 0x10 -x 26 0x10 -x 26 1 -x 56 0x4000 -accel tesla -x 180 0x4000400 -x 121 0xc00 -x 186 0x80 -x 163 0x1 -x 186 0x80000 -cudaver 11020 -x 194 0x40000 -cudaroot /opt/apps/nfs/spack/opt/spack/linux-centos8-zen2/gcc-9.3.0/nvhpc-21.3-rjjnyvxif3czjq4groncoluqbhjt6g2u/Linux_x86_64/21.3/cuda/11.2 -x 176 0x100 -cudacap 80 -x 189 0x8000 -y 163 0xc0000000 -x 189 0x10 -y 189 0x4000000 -cudaroot /opt/apps/nfs/spack/opt/spack/linux-centos8-zen2/gcc-9.3.0/nvhpc-21.3-rjjnyvxif3czjq4groncoluqbhjt6g2u/Linux_x86_64/21.3/cuda/11.2 -x 187 0x40000 -x 187 0x8000000 -gnuvsn 80301 -x 69 0x200 -x 123 0x400 -cmdline '+nvc /tmp/nvcZfFezdwpIMnN.il -ta=tesla:cc80 -v -o CMakeFiles/cmTC_e1af4.dir/CMakeCCompilerABI.c.o -c' -asm /tmp/nvcJfFePs69BtHG.ll
NVC++/x86-64 Linux 21.3-0: compilation successful

/opt/apps/nfs/spack/opt/spack/linux-centos8-zen2/gcc-9.3.0/nvhpc-21.3-rjjnyvxif3czjq4groncoluqbhjt6g2u/Linux_x86_64/21.3/compilers/share/llvm/bin/opt -O2 -openmp-opt-disable -mcpu=native /tmp/nvcJfFePs69BtHG.ll -S -o /tmp/nvctfFe5LXPSS7y.llvm

/opt/apps/nfs/spack/opt/spack/linux-centos8-zen2/gcc-9.3.0/nvhpc-21.3-rjjnyvxif3czjq4groncoluqbhjt6g2u/Linux_x86_64/21.3/compilers/share/llvm/bin/llc /tmp/nvctfFe5LXPSS7y.llvm -march=x86-64 -mcpu=native -O2 -fast-isel=0 -non-global-value-max-name-size=4294967295 -x86-cmov-converter=0 --frame-pointer=none -o /tmp/nvc7fFeXNSQnQk-.s

/usr/bin/as /tmp/nvc7fFeXNSQnQk-.s -I/opt/apps/nfs/spack/opt/spack/linux-centos8-zen2/gcc-9.3.0/nvhpc-21.3-rjjnyvxif3czjq4groncoluqbhjt6g2u/Linux_x86_64/21.3/math_libs/11.2/include/ -I/opt/apps/nfs/spack/opt/spack/linux-centos8-zen2/gcc-9.3.0/nvhpc-21.3-rjjnyvxif3czjq4groncoluqbhjt6g2u/Linux_x86_64/21.3/cuda/11.2/include/ -o CMakeFiles/cmTC_e1af4.dir/CMakeCCompilerABI.c.o
Unlinking /tmp/nvcZfFezdwpIMnN.il
Unlinking /tmp/nvclfFeHEMpl-Cu.s
Unlinking /tmp/nvcJfFePs69BtHG.ll
Unlinking /tmp/nvc7fFeXNSQnQk-.s
Unlinking /tmp/nvctfFe5LXPSS7y.llvm
Linking C executable cmTC_e1af4
/opt/apps/nfs/spack/opt/spack/linux-centos8-zen2/gcc-9.3.0/cmake-3.17.3-6oxbiqlh3iqc4dn77nufq56pdrsoqa3j/bin/cmake -E cmake_link_script CMakeFiles/cmTC_e1af4.dir/link.txt --verbose=1
/opt/apps/nfs/spack/opt/spack/linux-centos8-zen2/gcc-9.3.0/nvhpc-21.3-rjjnyvxif3czjq4groncoluqbhjt6g2u/Linux_x86_64/21.3/compilers/bin/nvc -ta=tesla:cc80    -v CMakeFiles/cmTC_e1af4.dir/CMakeCCompilerABI.c.o  -o cmTC_e1af4 
Export PGI_CURR_CUDA_HOME=/opt/apps/nfs/spack/opt/spack/linux-centos8-zen2/gcc-9.3.0/nvhpc-21.3-rjjnyvxif3czjq4groncoluqbhjt6g2u/Linux_x86_64/21.3/cuda/11.2
Export NVCOMPILER=/opt/apps/nfs/spack/opt/spack/linux-centos8-zen2/gcc-9.3.0/nvhpc-21.3-rjjnyvxif3czjq4groncoluqbhjt6g2u/Linux_x86_64/21.3
Export PGI=/opt/apps/nfs/spack/opt/spack/linux-centos8-zen2/gcc-9.3.0/nvhpc-21.3-rjjnyvxif3czjq4groncoluqbhjt6g2u

/opt/apps/nfs/spack/opt/spack/linux-centos8-zen2/gcc-9.3.0/nvhpc-21.3-rjjnyvxif3czjq4groncoluqbhjt6g2u/Linux_x86_64/21.3/compilers/bin/tools/acclnk -nvidia /opt/apps/nfs/spack/opt/spack/linux-centos8-zen2/gcc-9.3.0/nvhpc-21.3-rjjnyvxif3czjq4groncoluqbhjt6g2u/Linux_x86_64/21.3/compilers/bin/tools/nvdd -cuda11020 -cudaroot /opt/apps/nfs/spack/opt/spack/linux-centos8-zen2/gcc-9.3.0/nvhpc-21.3-rjjnyvxif3czjq4groncoluqbhjt6g2u/Linux_x86_64/21.3/cuda/11.2 -computecap=80 -init=ctxrel -v /usr/bin/ld /usr/lib64/crt1.o /usr/lib64/crti.o /opt/apps/nfs/spack/opt/spack/linux-centos8-zen2/gcc-9.3.0/nvhpc-21.3-rjjnyvxif3czjq4groncoluqbhjt6g2u/Linux_x86_64/21.3/compilers/lib/trace_init.o /usr/lib/gcc/x86_64-redhat-linux/8/crtbegin.o --eh-frame-hdr -m elf_x86_64 -dynamic-linker /lib64/ld-linux-x86-64.so.2 /opt/apps/nfs/spack/opt/spack/linux-centos8-zen2/gcc-9.3.0/nvhpc-21.3-rjjnyvxif3czjq4groncoluqbhjt6g2u/Linux_x86_64/21.3/compilers/lib/nvhpc.ld -L/opt/apps/nfs/spack/opt/spack/linux-centos8-zen2/gcc-9.3.0/nvhpc-21.3-rjjnyvxif3czjq4groncoluqbhjt6g2u/Linux_x86_64/21.3/compilers/lib -L/opt/apps/nfs/spack/opt/spack/linux-centos8-zen/gcc-8.3.1/gcc-9.3.0-yuektlndiynoevlc7qkmwudsixdokdom/lib64 -L/opt/apps/nfs/spack/opt/spack/linux-centos8-zen/gcc-8.3.1/gcc-9.3.0-yuektlndiynoevlc7qkmwudsixdokdom/lib -L/opt/apps/nfs/spack/opt/spack/linux-centos8-zen2/gcc-9.3.0/nvhpc-21.3-rjjnyvxif3czjq4groncoluqbhjt6g2u/Linux_x86_64/21.3/compilers/lib -L/usr/lib64 -L/usr/lib/gcc/x86_64-redhat-linux/8 CMakeFiles/cmTC_e1af4.dir/CMakeCCompilerABI.c.o -rpath /opt/apps/nfs/spack/opt/spack/linux-centos8-zen2/gcc-9.3.0/nvhpc-21.3-rjjnyvxif3czjq4groncoluqbhjt6g2u/Linux_x86_64/21.3/compilers/lib -rpath /opt/apps/nfs/spack/opt/spack/linux-centos8-zen2/gcc-9.3.0/nvhpc-21.3-rjjnyvxif3czjq4groncoluqbhjt6g2u/Linux_x86_64/21.3/math_libs/11.2/lib64 -rpath /opt/apps/nfs/spack/opt/spack/linux-centos8-zen2/gcc-9.3.0/nvhpc-21.3-rjjnyvxif3czjq4groncoluqbhjt6g2u/Linux_x86_64/21.3/cuda/11.2/lib64 -rpath /usr/lib/gcc/x86_64-redhat-linux/8/../../../../lib64 -o cmTC_e1af4 -L/usr/lib/gcc/x86_64-redhat-linux/8/../../../../lib64 /opt/apps/nfs/spack/opt/spack/linux-centos8-zen2/gcc-9.3.0/nvhpc-21.3-rjjnyvxif3czjq4groncoluqbhjt6g2u/Linux_x86_64/21.3/compilers/lib/acc_init_link_cuda.o /opt/apps/nfs/spack/opt/spack/linux-centos8-zen2/gcc-9.3.0/nvhpc-21.3-rjjnyvxif3czjq4groncoluqbhjt6g2u/Linux_x86_64/21.3/compilers/lib/acc_init_link_acc.o -lacchost -laccdevaux -laccdevice -ldl -lcudadevice -lnvomp -ldl --as-needed -lnvhpcatm -latomic --no-as-needed -lpthread --start-group -lnvcpumath -lnsnvc -lnvc --end-group -lm -lgcc -lc -lgcc -lgcc_s /usr/lib/gcc/x86_64-redhat-linux/8/crtend.o /usr/lib64/crtn.o
/opt/apps/nfs/spack/opt/spack/linux-centos8-zen2/gcc-9.3.0/nvhpc-21.3-rjjnyvxif3czjq4groncoluqbhjt6g2u/Linux_x86_64/21.3/compilers/bin/tools/nvdd -dcuda /opt/apps/nfs/spack/opt/spack/linux-centos8-zen2/gcc-9.3.0/nvhpc-21.3-rjjnyvxif3czjq4groncoluqbhjt6g2u/Linux_x86_64/21.3/cuda/11.2 /opt/apps/nfs/spack/opt/spack/linux-centos8-zen2/gcc-9.3.0/nvhpc-21.3-rjjnyvxif3czjq4groncoluqbhjt6g2u/Linux_x86_64/21.3/compilers/lib/trace_init.o -L/opt/apps/nfs/spack/opt/spack/linux-centos8-zen2/gcc-9.3.0/nvhpc-21.3-rjjnyvxif3czjq4groncoluqbhjt6g2u/Linux_x86_64/21.3/compilers/lib -L/opt/apps/nfs/spack/opt/spack/linux-centos8-zen/gcc-8.3.1/gcc-9.3.0-yuektlndiynoevlc7qkmwudsixdokdom/lib64 -L/opt/apps/nfs/spack/opt/spack/linux-centos8-zen/gcc-8.3.1/gcc-9.3.0-yuektlndiynoevlc7qkmwudsixdokdom/lib -L/opt/apps/nfs/spack/opt/spack/linux-centos8-zen2/gcc-9.3.0/nvhpc-21.3-rjjnyvxif3czjq4groncoluqbhjt6g2u/Linux_x86_64/21.3/compilers/lib -L/usr/lib64 -L/usr/lib/gcc/x86_64-redhat-linux/8 CMakeFiles/cmTC_e1af4.dir/CMakeCCompilerABI.c.o -L/usr/lib/gcc/x86_64-redhat-linux/8/../../../../lib64 /opt/apps/nfs/spack/opt/spack/linux-centos8-zen2/gcc-9.3.0/nvhpc-21.3-rjjnyvxif3czjq4groncoluqbhjt6g2u/Linux_x86_64/21.3/compilers/lib/acc_init_link_cuda.o /opt/apps/nfs/spack/opt/spack/linux-centos8-zen2/gcc-9.3.0/nvhpc-21.3-rjjnyvxif3czjq4groncoluqbhjt6g2u/Linux_x86_64/21.3/compilers/lib/acc_init_link_acc.o -lacchost -laccdevaux -laccdevice -ldl -lcudadevice -lnvomp -ldl -lnvhpcatm -latomic -lpthread -lnvcpumath -lnsnvc -lnvc -lm -lgcc -lc -lgcc_s -dolink -cuda11020 -computecap 80 -o /tmp/pgcudawMFecp8lhTuu.cubin
/opt/apps/nfs/spack/opt/spack/linux-centos8-zen2/gcc-9.3.0/nvhpc-21.3-rjjnyvxif3czjq4groncoluqbhjt6g2u/Linux_x86_64/21.3/compilers/bin/tools/nvdd -fatobj /tmp/pgcudafatgMFeshEo4v6F.o -o /tmp/pgcudafatgMFeshEo4v6F.o -cuda11020 -dcuda /opt/apps/nfs/spack/opt/spack/linux-centos8-zen2/gcc-9.3.0/nvhpc-21.3-rjjnyvxif3czjq4groncoluqbhjt6g2u/Linux_x86_64/21.3/cuda/11.2 -init=ctxrel -sm 80 /tmp/pgcudawMFecp8lhTuu.cubin
/usr/bin/ld /usr/lib64/crt1.o /usr/lib64/crti.o /tmp/pgcudafatgMFeshEo4v6F.o /opt/apps/nfs/spack/opt/spack/linux-centos8-zen2/gcc-9.3.0/nvhpc-21.3-rjjnyvxif3czjq4groncoluqbhjt6g2u/Linux_x86_64/21.3/compilers/lib/trace_init.o /usr/lib/gcc/x86_64-redhat-linux/8/crtbegin.o --eh-frame-hdr -m elf_x86_64 -dynamic-linker /lib64/ld-linux-x86-64.so.2 /opt/apps/nfs/spack/opt/spack/linux-centos8-zen2/gcc-9.3.0/nvhpc-21.3-rjjnyvxif3czjq4groncoluqbhjt6g2u/Linux_x86_64/21.3/compilers/lib/nvhpc.ld -L/opt/apps/nfs/spack/opt/spack/linux-centos8-zen2/gcc-9.3.0/nvhpc-21.3-rjjnyvxif3czjq4groncoluqbhjt6g2u/Linux_x86_64/21.3/compilers/lib -L/opt/apps/nfs/spack/opt/spack/linux-centos8-zen/gcc-8.3.1/gcc-9.3.0-yuektlndiynoevlc7qkmwudsixdokdom/lib64 -L/opt/apps/nfs/spack/opt/spack/linux-centos8-zen/gcc-8.3.1/gcc-9.3.0-yuektlndiynoevlc7qkmwudsixdokdom/lib -L/opt/apps/nfs/spack/opt/spack/linux-centos8-zen2/gcc-9.3.0/nvhpc-21.3-rjjnyvxif3czjq4groncoluqbhjt6g2u/Linux_x86_64/21.3/compilers/lib -L/usr/lib64 -L/usr/lib/gcc/x86_64-redhat-linux/8 CMakeFiles/cmTC_e1af4.dir/CMakeCCompilerABI.c.o -rpath /opt/apps/nfs/spack/opt/spack/linux-centos8-zen2/gcc-9.3.0/nvhpc-21.3-rjjnyvxif3czjq4groncoluqbhjt6g2u/Linux_x86_64/21.3/compilers/lib -rpath /opt/apps/nfs/spack/opt/spack/linux-centos8-zen2/gcc-9.3.0/nvhpc-21.3-rjjnyvxif3czjq4groncoluqbhjt6g2u/Linux_x86_64/21.3/math_libs/11.2/lib64 -rpath /opt/apps/nfs/spack/opt/spack/linux-centos8-zen2/gcc-9.3.0/nvhpc-21.3-rjjnyvxif3czjq4groncoluqbhjt6g2u/Linux_x86_64/21.3/cuda/11.2/lib64 -rpath /usr/lib/gcc/x86_64-redhat-linux/8/../../../../lib64 -o cmTC_e1af4 -L/usr/lib/gcc/x86_64-redhat-linux/8/../../../../lib64 /opt/apps/nfs/spack/opt/spack/linux-centos8-zen2/gcc-9.3.0/nvhpc-21.3-rjjnyvxif3czjq4groncoluqbhjt6g2u/Linux_x86_64/21.3/compilers/lib/acc_init_link_cuda.o /opt/apps/nfs/spack/opt/spack/linux-centos8-zen2/gcc-9.3.0/nvhpc-21.3-rjjnyvxif3czjq4groncoluqbhjt6g2u/Linux_x86_64/21.3/compilers/lib/acc_init_link_acc.o -lacchost -laccdevaux -laccdevice -ldl -lcudadevice -lnvomp -ldl --as-needed -lnvhpcatm -latomic --no-as-needed -lpthread --start-group -lnvcpumath -lnsnvc -lnvc --end-group -lm -lgcc -lc -lgcc -lgcc_s /usr/lib/gcc/x86_64-redhat-linux/8/crtend.o /usr/lib64/crtn.o
unlink /tmp/pgcudafatgMFeshEo4v6F.o
unlink /tmp/pgcudawMFecp8lhTuu.cubin
gmake[1]: Leaving directory '/home/and21829/circustent_journal_eval/circustent/build/CMakeFiles/CMakeTmp'



Parsed C implicit include dir info from above output: rv=start
  warn: unable to parse implicit include dirs!


Parsed C implicit link information from above output:
  link line regex: [^( *|.*[/\])(ld|CMAKE_LINK_STARTFILE-NOTFOUND|([^/\]+-)?ld|collect2)[^/\]*( |$)]
  ignore line: [Change Dir: /home/and21829/circustent_journal_eval/circustent/build/CMakeFiles/CMakeTmp]
  ignore line: []
  ignore line: [Run Build Command(s):/usr/bin/gmake cmTC_e1af4/fast && /usr/bin/gmake  -f CMakeFiles/cmTC_e1af4.dir/build.make CMakeFiles/cmTC_e1af4.dir/build]
  ignore line: [gmake[1]: Entering directory '/home/and21829/circustent_journal_eval/circustent/build/CMakeFiles/CMakeTmp']
  ignore line: [Building C object CMakeFiles/cmTC_e1af4.dir/CMakeCCompilerABI.c.o]
  ignore line: [/opt/apps/nfs/spack/opt/spack/linux-centos8-zen2/gcc-9.3.0/nvhpc-21.3-rjjnyvxif3czjq4groncoluqbhjt6g2u/Linux_x86_64/21.3/compilers/bin/nvc   -ta=tesla:cc80    -v -o CMakeFiles/cmTC_e1af4.dir/CMakeCCompilerABI.c.o   -c /opt/apps/nfs/spack/opt/spack/linux-centos8-zen2/gcc-9.3.0/cmake-3.17.3-6oxbiqlh3iqc4dn77nufq56pdrsoqa3j/share/cmake-3.17/Modules/CMakeCCompilerABI.c]
  ignore line: [Export PGI_CURR_CUDA_HOME=/opt/apps/nfs/spack/opt/spack/linux-centos8-zen2/gcc-9.3.0/nvhpc-21.3-rjjnyvxif3czjq4groncoluqbhjt6g2u/Linux_x86_64/21.3/cuda/11.2]
  ignore line: [Export NVCOMPILER=/opt/apps/nfs/spack/opt/spack/linux-centos8-zen2/gcc-9.3.0/nvhpc-21.3-rjjnyvxif3czjq4groncoluqbhjt6g2u/Linux_x86_64/21.3]
  ignore line: [Export PGI=/opt/apps/nfs/spack/opt/spack/linux-centos8-zen2/gcc-9.3.0/nvhpc-21.3-rjjnyvxif3czjq4groncoluqbhjt6g2u]
  ignore line: []
  ignore line: [/opt/apps/nfs/spack/opt/spack/linux-centos8-zen2/gcc-9.3.0/nvhpc-21.3-rjjnyvxif3czjq4groncoluqbhjt6g2u/Linux_x86_64/21.3/compilers/bin/tools/cpp1 --llalign -Dunix -D__unix -D__unix__ -Dlinux -D__linux -D__linux__ -D__NO_MATH_INLINES -D__LP64__ -D__x86_64 -D__x86_64__ -D__LONG_MAX__=9223372036854775807L '-D__SIZE_TYPE__=unsigned long int' '-D__PTRDIFF_TYPE__=long int' -D__amd64 -D__amd64__ -D__k8 -D__k8__ -D__MMX__ -D__SSE__ -D__SSE2__ -D__SSE3__ -D__SSSE3__ -D__SSE4A__ -D__ABM__ -D__SSE4_2__ -D__AVX__ -D__AVX2__ -D__FMA__ -D__XSAVE__ -D__POPCNT__ -D__FXSR__ -D__PGI -D__NVCOMPILER -D_PGCG_SOURCE --c -I- -I/opt/apps/nfs/spack/opt/spack/linux-centos8-zen2/gcc-9.3.0/nvhpc-21.3-rjjnyvxif3czjq4groncoluqbhjt6g2u/Linux_x86_64/21.3/compilers/include-gcc70 -I/opt/apps/nfs/spack/opt/spack/linux-centos8-zen2/gcc-9.3.0/nvhpc-21.3-rjjnyvxif3czjq4groncoluqbhjt6g2u/Linux_x86_64/21.3/compilers/include -I/opt/apps/nfs/spack/opt/spack/linux-centos8-zen2/gcc-9.3.0/nvhpc-21.3-rjjnyvxif3czjq4groncoluqbhjt6g2u/Linux_x86_64/21.3/compilers/include-gcc70 -I/opt/apps/nfs/spack/opt/spack/linux-centos8-zen2/gcc-9.3.0/nvhpc-21.3-rjjnyvxif3czjq4groncoluqbhjt6g2u/Linux_x86_64/21.3/compilers/include -I/usr/lib/gcc/x86_64-redhat-linux/8/include -I/usr/local/include -I/usr/include -I/opt/apps/nfs/spack/opt/spack/linux-centos8-zen2/gcc-9.3.0/nvhpc-21.3-rjjnyvxif3czjq4groncoluqbhjt6g2u/Linux_x86_64/21.3/math_libs/11.2/include -I/opt/apps/nfs/spack/opt/spack/linux-centos8-zen2/gcc-9.3.0/nvhpc-21.3-rjjnyvxif3czjq4groncoluqbhjt6g2u/Linux_x86_64/21.3/cuda/11.2/include -D__PGLLVM__ -D__NVCOMPILER_LLVM__ -D__extension__= -D_ACCEL=201003 -D_OPENACC=201711 -DCUDA_VERSION=11020 -DPGI_TESLA_TARGET --preinclude _cplus_preinclude.h --preinclude_macros _cplus_macros.h --gnu_version=80301 -D__pgnu_vsn=80301 --accel --preinclude openacc_predef.h -q -o /tmp/nvcZfFezdwpIMnN.il /opt/apps/nfs/spack/opt/spack/linux-centos8-zen2/gcc-9.3.0/cmake-3.17.3-6oxbiqlh3iqc4dn77nufq56pdrsoqa3j/share/cmake-3.17/Modules/CMakeCCompilerABI.c]
  ignore line: []
  ignore line: [/opt/apps/nfs/spack/opt/spack/linux-centos8-zen2/gcc-9.3.0/nvhpc-21.3-rjjnyvxif3czjq4groncoluqbhjt6g2u/Linux_x86_64/21.3/compilers/bin/tools/cpp2 /opt/apps/nfs/spack/opt/spack/linux-centos8-zen2/gcc-9.3.0/cmake-3.17.3-6oxbiqlh3iqc4dn77nufq56pdrsoqa3j/share/cmake-3.17/Modules/CMakeCCompilerABI.c -opt 2 -x 119 0xa10000 -x 122 0x40 -x 123 0x1000 -x 127 4 -x 127 17 -x 19 0x400000 -x 28 0x40000 -x 120 0x10000000 -x 70 0x8000 -x 122 1 -x 125 0x20000 -quad -x 59 4 -tp zen -x 120 0x1000 -astype 0 -x 121 1 -fn /opt/apps/nfs/spack/opt/spack/linux-centos8-zen2/gcc-9.3.0/cmake-3.17.3-6oxbiqlh3iqc4dn77nufq56pdrsoqa3j/share/cmake-3.17/Modules/CMakeCCompilerABI.c -il /tmp/nvcZfFezdwpIMnN.il -x 123 0x80000000 -x 123 4 -x 119 0x20 -def __pgnu_vsn=80301 -x 70 0x40000000 -x 183 4 -x 121 0x800 -x 6 0x20000 -x 122 0x400000 -y 125 0x100000 -x 249 110 -x 120 0x200000 -x 70 0x40000000 -x 8 0x40000000 -x 164 0x800000 -x 85 0x2000 -x 85 0x4000 -x 34 0x40000000 -x 53 0x800000 -x 68 0x1 -x 39 4 -x 56 0x10 -x 26 0x10 -x 26 1 -x 56 0x4000 -accel tesla -x 180 0x4000400 -x 121 0xc00 -x 186 0x80 -x 163 0x1 -x 186 0x80000 -cudaver 11020 -x 194 0x40000 -cudaroot /opt/apps/nfs/spack/opt/spack/linux-centos8-zen2/gcc-9.3.0/nvhpc-21.3-rjjnyvxif3czjq4groncoluqbhjt6g2u/Linux_x86_64/21.3/cuda/11.2 -x 176 0x100 -cudacap 80 -x 189 0x8000 -y 163 0xc0000000 -x 189 0x10 -y 189 0x4000000 -cudaroot /opt/apps/nfs/spack/opt/spack/linux-centos8-zen2/gcc-9.3.0/nvhpc-21.3-rjjnyvxif3czjq4groncoluqbhjt6g2u/Linux_x86_64/21.3/cuda/11.2 -x 187 0x40000 -x 187 0x8000000 -gnuvsn 80301 -x 69 0x200 -x 123 0x400 -cmdline '+nvc /tmp/nvcZfFezdwpIMnN.il -ta=tesla:cc80 -v -o CMakeFiles/cmTC_e1af4.dir/CMakeCCompilerABI.c.o -c' -asm /tmp/nvcJfFePs69BtHG.ll]
  ignore line: [NVC++/x86-64 Linux 21.3-0: compilation successful]
  ignore line: []
  ignore line: [/opt/apps/nfs/spack/opt/spack/linux-centos8-zen2/gcc-9.3.0/nvhpc-21.3-rjjnyvxif3czjq4groncoluqbhjt6g2u/Linux_x86_64/21.3/compilers/share/llvm/bin/opt -O2 -openmp-opt-disable -mcpu=native /tmp/nvcJfFePs69BtHG.ll -S -o /tmp/nvctfFe5LXPSS7y.llvm]
  ignore line: []
  ignore line: [/opt/apps/nfs/spack/opt/spack/linux-centos8-zen2/gcc-9.3.0/nvhpc-21.3-rjjnyvxif3czjq4groncoluqbhjt6g2u/Linux_x86_64/21.3/compilers/share/llvm/bin/llc /tmp/nvctfFe5LXPSS7y.llvm -march=x86-64 -mcpu=native -O2 -fast-isel=0 -non-global-value-max-name-size=4294967295 -x86-cmov-converter=0 --frame-pointer=none -o /tmp/nvc7fFeXNSQnQk-.s]
  ignore line: []
  ignore line: [/usr/bin/as /tmp/nvc7fFeXNSQnQk-.s -I/opt/apps/nfs/spack/opt/spack/linux-centos8-zen2/gcc-9.3.0/nvhpc-21.3-rjjnyvxif3czjq4groncoluqbhjt6g2u/Linux_x86_64/21.3/math_libs/11.2/include/ -I/opt/apps/nfs/spack/opt/spack/linux-centos8-zen2/gcc-9.3.0/nvhpc-21.3-rjjnyvxif3czjq4groncoluqbhjt6g2u/Linux_x86_64/21.3/cuda/11.2/include/ -o CMakeFiles/cmTC_e1af4.dir/CMakeCCompilerABI.c.o]
  ignore line: [Unlinking /tmp/nvcZfFezdwpIMnN.il]
  ignore line: [Unlinking /tmp/nvclfFeHEMpl-Cu.s]
  ignore line: [Unlinking /tmp/nvcJfFePs69BtHG.ll]
  ignore line: [Unlinking /tmp/nvc7fFeXNSQnQk-.s]
  ignore line: [Unlinking /tmp/nvctfFe5LXPSS7y.llvm]
  ignore line: [Linking C executable cmTC_e1af4]
  ignore line: [/opt/apps/nfs/spack/opt/spack/linux-centos8-zen2/gcc-9.3.0/cmake-3.17.3-6oxbiqlh3iqc4dn77nufq56pdrsoqa3j/bin/cmake -E cmake_link_script CMakeFiles/cmTC_e1af4.dir/link.txt --verbose=1]
  ignore line: [/opt/apps/nfs/spack/opt/spack/linux-centos8-zen2/gcc-9.3.0/nvhpc-21.3-rjjnyvxif3czjq4groncoluqbhjt6g2u/Linux_x86_64/21.3/compilers/bin/nvc -ta=tesla:cc80    -v CMakeFiles/cmTC_e1af4.dir/CMakeCCompilerABI.c.o  -o cmTC_e1af4 ]
  ignore line: [Export PGI_CURR_CUDA_HOME=/opt/apps/nfs/spack/opt/spack/linux-centos8-zen2/gcc-9.3.0/nvhpc-21.3-rjjnyvxif3czjq4groncoluqbhjt6g2u/Linux_x86_64/21.3/cuda/11.2]
  ignore line: [Export NVCOMPILER=/opt/apps/nfs/spack/opt/spack/linux-centos8-zen2/gcc-9.3.0/nvhpc-21.3-rjjnyvxif3czjq4groncoluqbhjt6g2u/Linux_x86_64/21.3]
  ignore line: [Export PGI=/opt/apps/nfs/spack/opt/spack/linux-centos8-zen2/gcc-9.3.0/nvhpc-21.3-rjjnyvxif3czjq4groncoluqbhjt6g2u]
  ignore line: []
  ignore line: [/opt/apps/nfs/spack/opt/spack/linux-centos8-zen2/gcc-9.3.0/nvhpc-21.3-rjjnyvxif3czjq4groncoluqbhjt6g2u/Linux_x86_64/21.3/compilers/bin/tools/acclnk -nvidia /opt/apps/nfs/spack/opt/spack/linux-centos8-zen2/gcc-9.3.0/nvhpc-21.3-rjjnyvxif3czjq4groncoluqbhjt6g2u/Linux_x86_64/21.3/compilers/bin/tools/nvdd -cuda11020 -cudaroot /opt/apps/nfs/spack/opt/spack/linux-centos8-zen2/gcc-9.3.0/nvhpc-21.3-rjjnyvxif3czjq4groncoluqbhjt6g2u/Linux_x86_64/21.3/cuda/11.2 -computecap=80 -init=ctxrel -v /usr/bin/ld /usr/lib64/crt1.o /usr/lib64/crti.o /opt/apps/nfs/spack/opt/spack/linux-centos8-zen2/gcc-9.3.0/nvhpc-21.3-rjjnyvxif3czjq4groncoluqbhjt6g2u/Linux_x86_64/21.3/compilers/lib/trace_init.o /usr/lib/gcc/x86_64-redhat-linux/8/crtbegin.o --eh-frame-hdr -m elf_x86_64 -dynamic-linker /lib64/ld-linux-x86-64.so.2 /opt/apps/nfs/spack/opt/spack/linux-centos8-zen2/gcc-9.3.0/nvhpc-21.3-rjjnyvxif3czjq4groncoluqbhjt6g2u/Linux_x86_64/21.3/compilers/lib/nvhpc.ld -L/opt/apps/nfs/spack/opt/spack/linux-centos8-zen2/gcc-9.3.0/nvhpc-21.3-rjjnyvxif3czjq4groncoluqbhjt6g2u/Linux_x86_64/21.3/compilers/lib -L/opt/apps/nfs/spack/opt/spack/linux-centos8-zen/gcc-8.3.1/gcc-9.3.0-yuektlndiynoevlc7qkmwudsixdokdom/lib64 -L/opt/apps/nfs/spack/opt/spack/linux-centos8-zen/gcc-8.3.1/gcc-9.3.0-yuektlndiynoevlc7qkmwudsixdokdom/lib -L/opt/apps/nfs/spack/opt/spack/linux-centos8-zen2/gcc-9.3.0/nvhpc-21.3-rjjnyvxif3czjq4groncoluqbhjt6g2u/Linux_x86_64/21.3/compilers/lib -L/usr/lib64 -L/usr/lib/gcc/x86_64-redhat-linux/8 CMakeFiles/cmTC_e1af4.dir/CMakeCCompilerABI.c.o -rpath /opt/apps/nfs/spack/opt/spack/linux-centos8-zen2/gcc-9.3.0/nvhpc-21.3-rjjnyvxif3czjq4groncoluqbhjt6g2u/Linux_x86_64/21.3/compilers/lib -rpath /opt/apps/nfs/spack/opt/spack/linux-centos8-zen2/gcc-9.3.0/nvhpc-21.3-rjjnyvxif3czjq4groncoluqbhjt6g2u/Linux_x86_64/21.3/math_libs/11.2/lib64 -rpath /opt/apps/nfs/spack/opt/spack/linux-centos8-zen2/gcc-9.3.0/nvhpc-21.3-rjjnyvxif3czjq4groncoluqbhjt6g2u/Linux_x86_64/21.3/cuda/11.2/lib64 -rpath /usr/lib/gcc/x86_64-redhat-linux/8/../../../../lib64 -o cmTC_e1af4 -L/usr/lib/gcc/x86_64-redhat-linux/8/../../../../lib64 /opt/apps/nfs/spack/opt/spack/linux-centos8-zen2/gcc-9.3.0/nvhpc-21.3-rjjnyvxif3czjq4groncoluqbhjt6g2u/Linux_x86_64/21.3/compilers/lib/acc_init_link_cuda.o /opt/apps/nfs/spack/opt/spack/linux-centos8-zen2/gcc-9.3.0/nvhpc-21.3-rjjnyvxif3czjq4groncoluqbhjt6g2u/Linux_x86_64/21.3/compilers/lib/acc_init_link_acc.o -lacchost -laccdevaux -laccdevice -ldl -lcudadevice -lnvomp -ldl --as-needed -lnvhpcatm -latomic --no-as-needed -lpthread --start-group -lnvcpumath -lnsnvc -lnvc --end-group -lm -lgcc -lc -lgcc -lgcc_s /usr/lib/gcc/x86_64-redhat-linux/8/crtend.o /usr/lib64/crtn.o]
  ignore line: [/opt/apps/nfs/spack/opt/spack/linux-centos8-zen2/gcc-9.3.0/nvhpc-21.3-rjjnyvxif3czjq4groncoluqbhjt6g2u/Linux_x86_64/21.3/compilers/bin/tools/nvdd -dcuda /opt/apps/nfs/spack/opt/spack/linux-centos8-zen2/gcc-9.3.0/nvhpc-21.3-rjjnyvxif3czjq4groncoluqbhjt6g2u/Linux_x86_64/21.3/cuda/11.2 /opt/apps/nfs/spack/opt/spack/linux-centos8-zen2/gcc-9.3.0/nvhpc-21.3-rjjnyvxif3czjq4groncoluqbhjt6g2u/Linux_x86_64/21.3/compilers/lib/trace_init.o -L/opt/apps/nfs/spack/opt/spack/linux-centos8-zen2/gcc-9.3.0/nvhpc-21.3-rjjnyvxif3czjq4groncoluqbhjt6g2u/Linux_x86_64/21.3/compilers/lib -L/opt/apps/nfs/spack/opt/spack/linux-centos8-zen/gcc-8.3.1/gcc-9.3.0-yuektlndiynoevlc7qkmwudsixdokdom/lib64 -L/opt/apps/nfs/spack/opt/spack/linux-centos8-zen/gcc-8.3.1/gcc-9.3.0-yuektlndiynoevlc7qkmwudsixdokdom/lib -L/opt/apps/nfs/spack/opt/spack/linux-centos8-zen2/gcc-9.3.0/nvhpc-21.3-rjjnyvxif3czjq4groncoluqbhjt6g2u/Linux_x86_64/21.3/compilers/lib -L/usr/lib64 -L/usr/lib/gcc/x86_64-redhat-linux/8 CMakeFiles/cmTC_e1af4.dir/CMakeCCompilerABI.c.o -L/usr/lib/gcc/x86_64-redhat-linux/8/../../../../lib64 /opt/apps/nfs/spack/opt/spack/linux-centos8-zen2/gcc-9.3.0/nvhpc-21.3-rjjnyvxif3czjq4groncoluqbhjt6g2u/Linux_x86_64/21.3/compilers/lib/acc_init_link_cuda.o /opt/apps/nfs/spack/opt/spack/linux-centos8-zen2/gcc-9.3.0/nvhpc-21.3-rjjnyvxif3czjq4groncoluqbhjt6g2u/Linux_x86_64/21.3/compilers/lib/acc_init_link_acc.o -lacchost -laccdevaux -laccdevice -ldl -lcudadevice -lnvomp -ldl -lnvhpcatm -latomic -lpthread -lnvcpumath -lnsnvc -lnvc -lm -lgcc -lc -lgcc_s -dolink -cuda11020 -computecap 80 -o /tmp/pgcudawMFecp8lhTuu.cubin]
  ignore line: [/opt/apps/nfs/spack/opt/spack/linux-centos8-zen2/gcc-9.3.0/nvhpc-21.3-rjjnyvxif3czjq4groncoluqbhjt6g2u/Linux_x86_64/21.3/compilers/bin/tools/nvdd -fatobj /tmp/pgcudafatgMFeshEo4v6F.o -o /tmp/pgcudafatgMFeshEo4v6F.o -cuda11020 -dcuda /opt/apps/nfs/spack/opt/spack/linux-centos8-zen2/gcc-9.3.0/nvhpc-21.3-rjjnyvxif3czjq4groncoluqbhjt6g2u/Linux_x86_64/21.3/cuda/11.2 -init=ctxrel -sm 80 /tmp/pgcudawMFecp8lhTuu.cubin]
  link line: [/usr/bin/ld /usr/lib64/crt1.o /usr/lib64/crti.o /tmp/pgcudafatgMFeshEo4v6F.o /opt/apps/nfs/spack/opt/spack/linux-centos8-zen2/gcc-9.3.0/nvhpc-21.3-rjjnyvxif3czjq4groncoluqbhjt6g2u/Linux_x86_64/21.3/compilers/lib/trace_init.o /usr/lib/gcc/x86_64-redhat-linux/8/crtbegin.o --eh-frame-hdr -m elf_x86_64 -dynamic-linker /lib64/ld-linux-x86-64.so.2 /opt/apps/nfs/spack/opt/spack/linux-centos8-zen2/gcc-9.3.0/nvhpc-21.3-rjjnyvxif3czjq4groncoluqbhjt6g2u/Linux_x86_64/21.3/compilers/lib/nvhpc.ld -L/opt/apps/nfs/spack/opt/spack/linux-centos8-zen2/gcc-9.3.0/nvhpc-21.3-rjjnyvxif3czjq4groncoluqbhjt6g2u/Linux_x86_64/21.3/compilers/lib -L/opt/apps/nfs/spack/opt/spack/linux-centos8-zen/gcc-8.3.1/gcc-9.3.0-yuektlndiynoevlc7qkmwudsixdokdom/lib64 -L/opt/apps/nfs/spack/opt/spack/linux-centos8-zen/gcc-8.3.1/gcc-9.3.0-yuektlndiynoevlc7qkmwudsixdokdom/lib -L/opt/apps/nfs/spack/opt/spack/linux-centos8-zen2/gcc-9.3.0/nvhpc-21.3-rjjnyvxif3czjq4groncoluqbhjt6g2u/Linux_x86_64/21.3/compilers/lib -L/usr/lib64 -L/usr/lib/gcc/x86_64-redhat-linux/8 CMakeFiles/cmTC_e1af4.dir/CMakeCCompilerABI.c.o -rpath /opt/apps/nfs/spack/opt/spack/linux-centos8-zen2/gcc-9.3.0/nvhpc-21.3-rjjnyvxif3czjq4groncoluqbhjt6g2u/Linux_x86_64/21.3/compilers/lib -rpath /opt/apps/nfs/spack/opt/spack/linux-centos8-zen2/gcc-9.3.0/nvhpc-21.3-rjjnyvxif3czjq4groncoluqbhjt6g2u/Linux_x86_64/21.3/math_libs/11.2/lib64 -rpath /opt/apps/nfs/spack/opt/spack/linux-centos8-zen2/gcc-9.3.0/nvhpc-21.3-rjjnyvxif3czjq4groncoluqbhjt6g2u/Linux_x86_64/21.3/cuda/11.2/lib64 -rpath /usr/lib/gcc/x86_64-redhat-linux/8/../../../../lib64 -o cmTC_e1af4 -L/usr/lib/gcc/x86_64-redhat-linux/8/../../../../lib64 /opt/apps/nfs/spack/opt/spack/linux-centos8-zen2/gcc-9.3.0/nvhpc-21.3-rjjnyvxif3czjq4groncoluqbhjt6g2u/Linux_x86_64/21.3/compilers/lib/acc_init_link_cuda.o /opt/apps/nfs/spack/opt/spack/linux-centos8-zen2/gcc-9.3.0/nvhpc-21.3-rjjnyvxif3czjq4groncoluqbhjt6g2u/Linux_x86_64/21.3/compilers/lib/acc_init_link_acc.o -lacchost -laccdevaux -laccdevice -ldl -lcudadevice -lnvomp -ldl --as-needed -lnvhpcatm -latomic --no-as-needed -lpthread --start-group -lnvcpumath -lnsnvc -lnvc --end-group -lm -lgcc -lc -lgcc -lgcc_s /usr/lib/gcc/x86_64-redhat-linux/8/crtend.o /usr/lib64/crtn.o]
    arg [/usr/bin/ld] ==> ignore
    arg [/usr/lib64/crt1.o] ==> ignore
    arg [/usr/lib64/crti.o] ==> ignore
    arg [/tmp/pgcudafatgMFeshEo4v6F.o] ==> ignore
    arg [/opt/apps/nfs/spack/opt/spack/linux-centos8-zen2/gcc-9.3.0/nvhpc-21.3-rjjnyvxif3czjq4groncoluqbhjt6g2u/Linux_x86_64/21.3/compilers/lib/trace_init.o] ==> ignore
    arg [/usr/lib/gcc/x86_64-redhat-linux/8/crtbegin.o] ==> ignore
    arg [--eh-frame-hdr] ==> ignore
    arg [-m] ==> ignore
    arg [elf_x86_64] ==> ignore
    arg [-dynamic-linker] ==> ignore
    arg [/lib64/ld-linux-x86-64.so.2] ==> ignore
    arg [/opt/apps/nfs/spack/opt/spack/linux-centos8-zen2/gcc-9.3.0/nvhpc-21.3-rjjnyvxif3czjq4groncoluqbhjt6g2u/Linux_x86_64/21.3/compilers/lib/nvhpc.ld] ==> ignore
    arg [-L/opt/apps/nfs/spack/opt/spack/linux-centos8-zen2/gcc-9.3.0/nvhpc-21.3-rjjnyvxif3czjq4groncoluqbhjt6g2u/Linux_x86_64/21.3/compilers/lib] ==> dir [/opt/apps/nfs/spack/opt/spack/linux-centos8-zen2/gcc-9.3.0/nvhpc-21.3-rjjnyvxif3czjq4groncoluqbhjt6g2u/Linux_x86_64/21.3/compilers/lib]
    arg [-L/opt/apps/nfs/spack/opt/spack/linux-centos8-zen/gcc-8.3.1/gcc-9.3.0-yuektlndiynoevlc7qkmwudsixdokdom/lib64] ==> dir [/opt/apps/nfs/spack/opt/spack/linux-centos8-zen/gcc-8.3.1/gcc-9.3.0-yuektlndiynoevlc7qkmwudsixdokdom/lib64]
    arg [-L/opt/apps/nfs/spack/opt/spack/linux-centos8-zen/gcc-8.3.1/gcc-9.3.0-yuektlndiynoevlc7qkmwudsixdokdom/lib] ==> dir [/opt/apps/nfs/spack/opt/spack/linux-centos8-zen/gcc-8.3.1/gcc-9.3.0-yuektlndiynoevlc7qkmwudsixdokdom/lib]
    arg [-L/opt/apps/nfs/spack/opt/spack/linux-centos8-zen2/gcc-9.3.0/nvhpc-21.3-rjjnyvxif3czjq4groncoluqbhjt6g2u/Linux_x86_64/21.3/compilers/lib] ==> dir [/opt/apps/nfs/spack/opt/spack/linux-centos8-zen2/gcc-9.3.0/nvhpc-21.3-rjjnyvxif3czjq4groncoluqbhjt6g2u/Linux_x86_64/21.3/compilers/lib]
    arg [-L/usr/lib64] ==> dir [/usr/lib64]
    arg [-L/usr/lib/gcc/x86_64-redhat-linux/8] ==> dir [/usr/lib/gcc/x86_64-redhat-linux/8]
    arg [CMakeFiles/cmTC_e1af4.dir/CMakeCCompilerABI.c.o] ==> ignore
    arg [-rpath] ==> ignore
    arg [/opt/apps/nfs/spack/opt/spack/linux-centos8-zen2/gcc-9.3.0/nvhpc-21.3-rjjnyvxif3czjq4groncoluqbhjt6g2u/Linux_x86_64/21.3/compilers/lib] ==> ignore
    arg [-rpath] ==> ignore
    arg [/opt/apps/nfs/spack/opt/spack/linux-centos8-zen2/gcc-9.3.0/nvhpc-21.3-rjjnyvxif3czjq4groncoluqbhjt6g2u/Linux_x86_64/21.3/math_libs/11.2/lib64] ==> ignore
    arg [-rpath] ==> ignore
    arg [/opt/apps/nfs/spack/opt/spack/linux-centos8-zen2/gcc-9.3.0/nvhpc-21.3-rjjnyvxif3czjq4groncoluqbhjt6g2u/Linux_x86_64/21.3/cuda/11.2/lib64] ==> ignore
    arg [-rpath] ==> ignore
    arg [/usr/lib/gcc/x86_64-redhat-linux/8/../../../../lib64] ==> ignore
    arg [-o] ==> ignore
    arg [cmTC_e1af4] ==> ignore
    arg [-L/usr/lib/gcc/x86_64-redhat-linux/8/../../../../lib64] ==> dir [/usr/lib/gcc/x86_64-redhat-linux/8/../../../../lib64]
    arg [/opt/apps/nfs/spack/opt/spack/linux-centos8-zen2/gcc-9.3.0/nvhpc-21.3-rjjnyvxif3czjq4groncoluqbhjt6g2u/Linux_x86_64/21.3/compilers/lib/acc_init_link_cuda.o] ==> ignore
    arg [/opt/apps/nfs/spack/opt/spack/linux-centos8-zen2/gcc-9.3.0/nvhpc-21.3-rjjnyvxif3czjq4groncoluqbhjt6g2u/Linux_x86_64/21.3/compilers/lib/acc_init_link_acc.o] ==> ignore
    arg [-lacchost] ==> lib [acchost]
    arg [-laccdevaux] ==> lib [accdevaux]
    arg [-laccdevice] ==> lib [accdevice]
    arg [-ldl] ==> lib [dl]
    arg [-lcudadevice] ==> lib [cudadevice]
    arg [-lnvomp] ==> lib [nvomp]
    arg [-ldl] ==> lib [dl]
    arg [--as-needed] ==> ignore
    arg [-lnvhpcatm] ==> lib [nvhpcatm]
    arg [-latomic] ==> lib [atomic]
    arg [--no-as-needed] ==> ignore
    arg [-lpthread] ==> lib [pthread]
    arg [--start-group] ==> ignore
    arg [-lnvcpumath] ==> lib [nvcpumath]
    arg [-lnsnvc] ==> lib [nsnvc]
    arg [-lnvc] ==> lib [nvc]
    arg [--end-group] ==> ignore
    arg [-lm] ==> lib [m]
    arg [-lgcc] ==> lib [gcc]
    arg [-lc] ==> lib [c]
    arg [-lgcc] ==> lib [gcc]
    arg [-lgcc_s] ==> lib [gcc_s]
    arg [/usr/lib/gcc/x86_64-redhat-linux/8/crtend.o] ==> ignore
    arg [/usr/lib64/crtn.o] ==> ignore
  collapse library dir [/opt/apps/nfs/spack/opt/spack/linux-centos8-zen2/gcc-9.3.0/nvhpc-21.3-rjjnyvxif3czjq4groncoluqbhjt6g2u/Linux_x86_64/21.3/compilers/lib] ==> [/opt/apps/nfs/spack/opt/spack/linux-centos8-zen2/gcc-9.3.0/nvhpc-21.3-rjjnyvxif3czjq4groncoluqbhjt6g2u/Linux_x86_64/21.3/compilers/lib]
  collapse library dir [/opt/apps/nfs/spack/opt/spack/linux-centos8-zen/gcc-8.3.1/gcc-9.3.0-yuektlndiynoevlc7qkmwudsixdokdom/lib64] ==> [/opt/apps/nfs/spack/opt/spack/linux-centos8-zen/gcc-8.3.1/gcc-9.3.0-yuektlndiynoevlc7qkmwudsixdokdom/lib64]
  collapse library dir [/opt/apps/nfs/spack/opt/spack/linux-centos8-zen/gcc-8.3.1/gcc-9.3.0-yuektlndiynoevlc7qkmwudsixdokdom/lib] ==> [/opt/apps/nfs/spack/opt/spack/linux-centos8-zen/gcc-8.3.1/gcc-9.3.0-yuektlndiynoevlc7qkmwudsixdokdom/lib]
  collapse library dir [/opt/apps/nfs/spack/opt/spack/linux-centos8-zen2/gcc-9.3.0/nvhpc-21.3-rjjnyvxif3czjq4groncoluqbhjt6g2u/Linux_x86_64/21.3/compilers/lib] ==> [/opt/apps/nfs/spack/opt/spack/linux-centos8-zen2/gcc-9.3.0/nvhpc-21.3-rjjnyvxif3czjq4groncoluqbhjt6g2u/Linux_x86_64/21.3/compilers/lib]
  collapse library dir [/usr/lib64] ==> [/usr/lib64]
  collapse library dir [/usr/lib/gcc/x86_64-redhat-linux/8] ==> [/usr/lib/gcc/x86_64-redhat-linux/8]
  collapse library dir [/usr/lib/gcc/x86_64-redhat-linux/8/../../../../lib64] ==> [/usr/lib64]
  implicit libs: [acchost;accdevaux;accdevice;dl;cudadevice;nvomp;dl;nvhpcatm;atomic;pthread;nvcpumath;nsnvc;nvc;m;gcc;c;gcc;gcc_s]
  implicit dirs: [/opt/apps/nfs/spack/opt/spack/linux-centos8-zen2/gcc-9.3.0/nvhpc-21.3-rjjnyvxif3czjq4groncoluqbhjt6g2u/Linux_x86_64/21.3/compilers/lib;/opt/apps/nfs/spack/opt/spack/linux-centos8-zen/gcc-8.3.1/gcc-9.3.0-yuektlndiynoevlc7qkmwudsixdokdom/lib64;/opt/apps/nfs/spack/opt/spack/linux-centos8-zen/gcc-8.3.1/gcc-9.3.0-yuektlndiynoevlc7qkmwudsixdokdom/lib;/usr/lib64;/usr/lib/gcc/x86_64-redhat-linux/8]
  implicit fwks: []


Determining if the CXX compiler works passed with the following output:
Change Dir: /home/and21829/circustent_journal_eval/circustent/build/CMakeFiles/CMakeTmp

Run Build Command(s):/usr/bin/gmake cmTC_01abc/fast && /usr/bin/gmake  -f CMakeFiles/cmTC_01abc.dir/build.make CMakeFiles/cmTC_01abc.dir/build
gmake[1]: Entering directory '/home/and21829/circustent_journal_eval/circustent/build/CMakeFiles/CMakeTmp'
Building CXX object CMakeFiles/cmTC_01abc.dir/testCXXCompiler.cxx.o
/opt/apps/nfs/spack/opt/spack/linux-centos8-zen2/gcc-9.3.0/nvhpc-21.3-rjjnyvxif3czjq4groncoluqbhjt6g2u/Linux_x86_64/21.3/compilers/bin/nvc++    -ta=tesla:cc80    -o CMakeFiles/cmTC_01abc.dir/testCXXCompiler.cxx.o -c /home/and21829/circustent_journal_eval/circustent/build/CMakeFiles/CMakeTmp/testCXXCompiler.cxx
Linking CXX executable cmTC_01abc
/opt/apps/nfs/spack/opt/spack/linux-centos8-zen2/gcc-9.3.0/cmake-3.17.3-6oxbiqlh3iqc4dn77nufq56pdrsoqa3j/bin/cmake -E cmake_link_script CMakeFiles/cmTC_01abc.dir/link.txt --verbose=1
/opt/apps/nfs/spack/opt/spack/linux-centos8-zen2/gcc-9.3.0/nvhpc-21.3-rjjnyvxif3czjq4groncoluqbhjt6g2u/Linux_x86_64/21.3/compilers/bin/nvc++  -ta=tesla:cc80     CMakeFiles/cmTC_01abc.dir/testCXXCompiler.cxx.o  -o cmTC_01abc 
gmake[1]: Leaving directory '/home/and21829/circustent_journal_eval/circustent/build/CMakeFiles/CMakeTmp'



Detecting CXX compiler ABI info compiled with the following output:
Change Dir: /home/and21829/circustent_journal_eval/circustent/build/CMakeFiles/CMakeTmp

Run Build Command(s):/usr/bin/gmake cmTC_c61dc/fast && /usr/bin/gmake  -f CMakeFiles/cmTC_c61dc.dir/build.make CMakeFiles/cmTC_c61dc.dir/build
gmake[1]: Entering directory '/home/and21829/circustent_journal_eval/circustent/build/CMakeFiles/CMakeTmp'
Building CXX object CMakeFiles/cmTC_c61dc.dir/CMakeCXXCompilerABI.cpp.o
/opt/apps/nfs/spack/opt/spack/linux-centos8-zen2/gcc-9.3.0/nvhpc-21.3-rjjnyvxif3czjq4groncoluqbhjt6g2u/Linux_x86_64/21.3/compilers/bin/nvc++    -ta=tesla:cc80    -v -o CMakeFiles/cmTC_c61dc.dir/CMakeCXXCompilerABI.cpp.o -c /opt/apps/nfs/spack/opt/spack/linux-centos8-zen2/gcc-9.3.0/cmake-3.17.3-6oxbiqlh3iqc4dn77nufq56pdrsoqa3j/share/cmake-3.17/Modules/CMakeCXXCompilerABI.cpp
Export PGI_CURR_CUDA_HOME=/opt/apps/nfs/spack/opt/spack/linux-centos8-zen2/gcc-9.3.0/nvhpc-21.3-rjjnyvxif3czjq4groncoluqbhjt6g2u/Linux_x86_64/21.3/cuda/11.2
Export NVCOMPILER=/opt/apps/nfs/spack/opt/spack/linux-centos8-zen2/gcc-9.3.0/nvhpc-21.3-rjjnyvxif3czjq4groncoluqbhjt6g2u/Linux_x86_64/21.3
Export PGI=/opt/apps/nfs/spack/opt/spack/linux-centos8-zen2/gcc-9.3.0/nvhpc-21.3-rjjnyvxif3czjq4groncoluqbhjt6g2u

/opt/apps/nfs/spack/opt/spack/linux-centos8-zen2/gcc-9.3.0/nvhpc-21.3-rjjnyvxif3czjq4groncoluqbhjt6g2u/Linux_x86_64/21.3/compilers/bin/tools/cpp1 --llalign -Dunix -D__unix -D__unix__ -Dlinux -D__linux -D__linux__ -D__NO_MATH_INLINES -D__LP64__ -D__x86_64 -D__x86_64__ -D__LONG_MAX__=9223372036854775807L '-D__SIZE_TYPE__=unsigned long int' '-D__PTRDIFF_TYPE__=long int' -D__amd64 -D__amd64__ -D__k8 -D__k8__ -D__MMX__ -D__SSE__ -D__SSE2__ -D__SSE3__ -D__SSSE3__ -D__SSE4A__ -D__ABM__ -D__SSE4_2__ -D__AVX__ -D__AVX2__ -D__FMA__ -D__XSAVE__ -D__POPCNT__ -D__FXSR__ -D__PGI -D__NVCOMPILER -D_GNU_SOURCE -D_PGCG_SOURCE -I- -I/opt/apps/nfs/spack/opt/spack/linux-centos8-zen2/gcc-9.3.0/nvhpc-21.3-rjjnyvxif3czjq4groncoluqbhjt6g2u/Linux_x86_64/21.3/compilers/include-gcc70 -I/opt/apps/nfs/spack/opt/spack/linux-centos8-zen2/gcc-9.3.0/nvhpc-21.3-rjjnyvxif3czjq4groncoluqbhjt6g2u/Linux_x86_64/21.3/compilers/include -I/usr/include/c++/8 -I/usr/include/c++/8/x86_64-redhat-linux -I/usr/include/c++/8/backward -I/usr/lib/gcc/x86_64-redhat-linux/8/include -I/usr/local/include -I/usr/include -I/opt/apps/nfs/spack/opt/spack/linux-centos8-zen2/gcc-9.3.0/nvhpc-21.3-rjjnyvxif3czjq4groncoluqbhjt6g2u/Linux_x86_64/21.3/compilers/include-gcc70 -I/opt/apps/nfs/spack/opt/spack/linux-centos8-zen2/gcc-9.3.0/nvhpc-21.3-rjjnyvxif3czjq4groncoluqbhjt6g2u/Linux_x86_64/21.3/compilers/include -I/usr/lib/gcc/x86_64-redhat-linux/8/include -I/usr/local/include -I/usr/include -I/opt/apps/nfs/spack/opt/spack/linux-centos8-zen2/gcc-9.3.0/nvhpc-21.3-rjjnyvxif3czjq4groncoluqbhjt6g2u/Linux_x86_64/21.3/math_libs/11.2/include -I/opt/apps/nfs/spack/opt/spack/linux-centos8-zen2/gcc-9.3.0/nvhpc-21.3-rjjnyvxif3czjq4groncoluqbhjt6g2u/Linux_x86_64/21.3/cuda/11.2/include -D__PGLLVM__ -D__NVCOMPILER_LLVM__ -D__extension__= -D_ACCEL=201003 -D_OPENACC=201711 -DCUDA_VERSION=11020 -DPGI_TESLA_TARGET --preinclude _cplus_preinclude.h --preinclude_macros _cplus_macros.h --gnu_version=80301 -D__pgnu_vsn=80301 --accel --preinclude openacc_predef.h -q -o /tmp/nvc++FLGeD8ol449R.il /opt/apps/nfs/spack/opt/spack/linux-centos8-zen2/gcc-9.3.0/cmake-3.17.3-6oxbiqlh3iqc4dn77nufq56pdrsoqa3j/share/cmake-3.17/Modules/CMakeCXXCompilerABI.cpp

/opt/apps/nfs/spack/opt/spack/linux-centos8-zen2/gcc-9.3.0/nvhpc-21.3-rjjnyvxif3czjq4groncoluqbhjt6g2u/Linux_x86_64/21.3/compilers/bin/tools/cpp2 /opt/apps/nfs/spack/opt/spack/linux-centos8-zen2/gcc-9.3.0/cmake-3.17.3-6oxbiqlh3iqc4dn77nufq56pdrsoqa3j/share/cmake-3.17/Modules/CMakeCXXCompilerABI.cpp -opt 2 -x 119 0xa10000 -x 122 0x40 -x 123 0x1000 -x 127 4 -x 127 17 -x 19 0x400000 -x 28 0x40000 -x 120 0x10000000 -x 70 0x8000 -x 122 1 -x 125 0x20000 -quad -x 59 4 -tp zen -x 120 0x1000 -astype 0 -x 121 1 -fn /opt/apps/nfs/spack/opt/spack/linux-centos8-zen2/gcc-9.3.0/cmake-3.17.3-6oxbiqlh3iqc4dn77nufq56pdrsoqa3j/share/cmake-3.17/Modules/CMakeCXXCompilerABI.cpp -il /tmp/nvc++FLGeD8ol449R.il -x 117 0x200 -x 123 0x80000000 -x 123 4 -x 119 0x20 -def __pgnu_vsn=80301 -x 70 0x40000000 -x 183 4 -x 121 0x800 -x 6 0x20000 -x 249 110 -x 120 0x200000 -x 70 0x40000000 -x 8 0x40000000 -x 164 0x800000 -x 85 0x2000 -x 85 0x4000 -x 34 0x40000000 -x 53 0x800000 -x 68 0x1 -x 39 4 -x 56 0x10 -x 26 0x10 -x 26 1 -x 56 0x4000 -accel tesla -x 180 0x4000400 -x 121 0xc00 -x 186 0x80 -x 163 0x1 -x 186 0x80000 -cudaver 11020 -x 194 0x40000 -cudaroot /opt/apps/nfs/spack/opt/spack/linux-centos8-zen2/gcc-9.3.0/nvhpc-21.3-rjjnyvxif3czjq4groncoluqbhjt6g2u/Linux_x86_64/21.3/cuda/11.2 -x 176 0x100 -cudacap 80 -x 189 0x8000 -y 163 0xc0000000 -x 189 0x10 -y 189 0x4000000 -cudaroot /opt/apps/nfs/spack/opt/spack/linux-centos8-zen2/gcc-9.3.0/nvhpc-21.3-rjjnyvxif3czjq4groncoluqbhjt6g2u/Linux_x86_64/21.3/cuda/11.2 -x 187 0x40000 -x 187 0x8000000 -gnuvsn 80301 -x 69 0x200 -x 123 0x400 -cmdline '+nvc++ /tmp/nvc++FLGeD8ol449R.il -ta=tesla:cc80 -v -o CMakeFiles/cmTC_c61dc.dir/CMakeCXXCompilerABI.cpp.o -c' -asm /tmp/nvc++pLGeTG6CaH_I.ll
NVC++/x86-64 Linux 21.3-0: compilation successful

/opt/apps/nfs/spack/opt/spack/linux-centos8-zen2/gcc-9.3.0/nvhpc-21.3-rjjnyvxif3czjq4groncoluqbhjt6g2u/Linux_x86_64/21.3/compilers/share/llvm/bin/opt -O2 -openmp-opt-disable -mcpu=native /tmp/nvc++pLGeTG6CaH_I.ll -S -o /tmp/nvc++-LGe9ydLU2y9.llvm

/opt/apps/nfs/spack/opt/spack/linux-centos8-zen2/gcc-9.3.0/nvhpc-21.3-rjjnyvxif3czjq4groncoluqbhjt6g2u/Linux_x86_64/21.3/compilers/share/llvm/bin/llc /tmp/nvc++-LGe9ydLU2y9.llvm -march=x86-64 -mcpu=native -O2 -fast-isel=0 -non-global-value-max-name-size=4294967295 -x86-cmov-converter=0 --frame-pointer=none -o /tmp/nvc++hLGevMUhopz-.s

/usr/bin/as /tmp/nvc++hLGevMUhopz-.s -I/opt/apps/nfs/spack/opt/spack/linux-centos8-zen2/gcc-9.3.0/nvhpc-21.3-rjjnyvxif3czjq4groncoluqbhjt6g2u/Linux_x86_64/21.3/math_libs/11.2/include/ -I/opt/apps/nfs/spack/opt/spack/linux-centos8-zen2/gcc-9.3.0/nvhpc-21.3-rjjnyvxif3czjq4groncoluqbhjt6g2u/Linux_x86_64/21.3/cuda/11.2/include/ -o CMakeFiles/cmTC_c61dc.dir/CMakeCXXCompilerABI.cpp.o
Unlinking /tmp/nvc++FLGeD8ol449R.il
Unlinking /tmp/nvc++xLGefGMqaJcW.s
Unlinking /tmp/nvc++pLGeTG6CaH_I.ll
Unlinking /tmp/nvc++hLGevMUhopz-.s
Unlinking /tmp/nvc++-LGe9ydLU2y9.llvm
Linking CXX executable cmTC_c61dc
/opt/apps/nfs/spack/opt/spack/linux-centos8-zen2/gcc-9.3.0/cmake-3.17.3-6oxbiqlh3iqc4dn77nufq56pdrsoqa3j/bin/cmake -E cmake_link_script CMakeFiles/cmTC_c61dc.dir/link.txt --verbose=1
/opt/apps/nfs/spack/opt/spack/linux-centos8-zen2/gcc-9.3.0/nvhpc-21.3-rjjnyvxif3czjq4groncoluqbhjt6g2u/Linux_x86_64/21.3/compilers/bin/nvc++  -ta=tesla:cc80    -v CMakeFiles/cmTC_c61dc.dir/CMakeCXXCompilerABI.cpp.o  -o cmTC_c61dc 
Export PGI_CURR_CUDA_HOME=/opt/apps/nfs/spack/opt/spack/linux-centos8-zen2/gcc-9.3.0/nvhpc-21.3-rjjnyvxif3czjq4groncoluqbhjt6g2u/Linux_x86_64/21.3/cuda/11.2
Export NVCOMPILER=/opt/apps/nfs/spack/opt/spack/linux-centos8-zen2/gcc-9.3.0/nvhpc-21.3-rjjnyvxif3czjq4groncoluqbhjt6g2u/Linux_x86_64/21.3
Export PGI=/opt/apps/nfs/spack/opt/spack/linux-centos8-zen2/gcc-9.3.0/nvhpc-21.3-rjjnyvxif3czjq4groncoluqbhjt6g2u

/opt/apps/nfs/spack/opt/spack/linux-centos8-zen2/gcc-9.3.0/nvhpc-21.3-rjjnyvxif3czjq4groncoluqbhjt6g2u/Linux_x86_64/21.3/compilers/bin/tools/acclnk -nvidia /opt/apps/nfs/spack/opt/spack/linux-centos8-zen2/gcc-9.3.0/nvhpc-21.3-rjjnyvxif3czjq4groncoluqbhjt6g2u/Linux_x86_64/21.3/compilers/bin/tools/nvdd -cuda11020 -cudaroot /opt/apps/nfs/spack/opt/spack/linux-centos8-zen2/gcc-9.3.0/nvhpc-21.3-rjjnyvxif3czjq4groncoluqbhjt6g2u/Linux_x86_64/21.3/cuda/11.2 -computecap=80 -init=ctxrel -v /usr/bin/ld /usr/lib64/crt1.o /usr/lib64/crti.o /opt/apps/nfs/spack/opt/spack/linux-centos8-zen2/gcc-9.3.0/nvhpc-21.3-rjjnyvxif3czjq4groncoluqbhjt6g2u/Linux_x86_64/21.3/compilers/lib/trace_init.o /usr/lib/gcc/x86_64-redhat-linux/8/crtbegin.o --eh-frame-hdr -m elf_x86_64 -dynamic-linker /lib64/ld-linux-x86-64.so.2 /opt/apps/nfs/spack/opt/spack/linux-centos8-zen2/gcc-9.3.0/nvhpc-21.3-rjjnyvxif3czjq4groncoluqbhjt6g2u/Linux_x86_64/21.3/compilers/lib/nvhpc.ld -L/opt/apps/nfs/spack/opt/spack/linux-centos8-zen2/gcc-9.3.0/nvhpc-21.3-rjjnyvxif3czjq4groncoluqbhjt6g2u/Linux_x86_64/21.3/compilers/lib -L/opt/apps/nfs/spack/opt/spack/linux-centos8-zen/gcc-8.3.1/gcc-9.3.0-yuektlndiynoevlc7qkmwudsixdokdom/lib64 -L/opt/apps/nfs/spack/opt/spack/linux-centos8-zen/gcc-8.3.1/gcc-9.3.0-yuektlndiynoevlc7qkmwudsixdokdom/lib -L/opt/apps/nfs/spack/opt/spack/linux-centos8-zen2/gcc-9.3.0/nvhpc-21.3-rjjnyvxif3czjq4groncoluqbhjt6g2u/Linux_x86_64/21.3/compilers/lib -L/usr/lib64 -L/usr/lib/gcc/x86_64-redhat-linux/8 CMakeFiles/cmTC_c61dc.dir/CMakeCXXCompilerABI.cpp.o -rpath /opt/apps/nfs/spack/opt/spack/linux-centos8-zen2/gcc-9.3.0/nvhpc-21.3-rjjnyvxif3czjq4groncoluqbhjt6g2u/Linux_x86_64/21.3/compilers/lib -rpath /opt/apps/nfs/spack/opt/spack/linux-centos8-zen2/gcc-9.3.0/nvhpc-21.3-rjjnyvxif3czjq4groncoluqbhjt6g2u/Linux_x86_64/21.3/math_libs/11.2/lib64 -rpath /opt/apps/nfs/spack/opt/spack/linux-centos8-zen2/gcc-9.3.0/nvhpc-21.3-rjjnyvxif3czjq4groncoluqbhjt6g2u/Linux_x86_64/21.3/cuda/11.2/lib64 -rpath /usr/lib/gcc/x86_64-redhat-linux/8/../../../../lib64 -o cmTC_c61dc -L/usr/lib/gcc/x86_64-redhat-linux/8/../../../../lib64 /opt/apps/nfs/spack/opt/spack/linux-centos8-zen2/gcc-9.3.0/nvhpc-21.3-rjjnyvxif3czjq4groncoluqbhjt6g2u/Linux_x86_64/21.3/compilers/lib/acc_init_link_cuda.o /opt/apps/nfs/spack/opt/spack/linux-centos8-zen2/gcc-9.3.0/nvhpc-21.3-rjjnyvxif3czjq4groncoluqbhjt6g2u/Linux_x86_64/21.3/compilers/lib/acc_init_link_acc.o -lacchost -laccdevaux -laccdevice -ldl -lcudadevice -latomic -lnvhpcatm -lstdc++ -lnvomp -ldl --as-needed -lnvhpcatm -latomic --no-as-needed -lpthread --start-group -lnvcpumath -lnsnvc -lnvc --end-group -lm -lgcc -lc -lgcc -lgcc_s /usr/lib/gcc/x86_64-redhat-linux/8/crtend.o /usr/lib64/crtn.o
/opt/apps/nfs/spack/opt/spack/linux-centos8-zen2/gcc-9.3.0/nvhpc-21.3-rjjnyvxif3czjq4groncoluqbhjt6g2u/Linux_x86_64/21.3/compilers/bin/tools/nvdd -dcuda /opt/apps/nfs/spack/opt/spack/linux-centos8-zen2/gcc-9.3.0/nvhpc-21.3-rjjnyvxif3czjq4groncoluqbhjt6g2u/Linux_x86_64/21.3/cuda/11.2 /opt/apps/nfs/spack/opt/spack/linux-centos8-zen2/gcc-9.3.0/nvhpc-21.3-rjjnyvxif3czjq4groncoluqbhjt6g2u/Linux_x86_64/21.3/compilers/lib/trace_init.o -L/opt/apps/nfs/spack/opt/spack/linux-centos8-zen2/gcc-9.3.0/nvhpc-21.3-rjjnyvxif3czjq4groncoluqbhjt6g2u/Linux_x86_64/21.3/compilers/lib -L/opt/apps/nfs/spack/opt/spack/linux-centos8-zen/gcc-8.3.1/gcc-9.3.0-yuektlndiynoevlc7qkmwudsixdokdom/lib64 -L/opt/apps/nfs/spack/opt/spack/linux-centos8-zen/gcc-8.3.1/gcc-9.3.0-yuektlndiynoevlc7qkmwudsixdokdom/lib -L/opt/apps/nfs/spack/opt/spack/linux-centos8-zen2/gcc-9.3.0/nvhpc-21.3-rjjnyvxif3czjq4groncoluqbhjt6g2u/Linux_x86_64/21.3/compilers/lib -L/usr/lib64 -L/usr/lib/gcc/x86_64-redhat-linux/8 CMakeFiles/cmTC_c61dc.dir/CMakeCXXCompilerABI.cpp.o -L/usr/lib/gcc/x86_64-redhat-linux/8/../../../../lib64 /opt/apps/nfs/spack/opt/spack/linux-centos8-zen2/gcc-9.3.0/nvhpc-21.3-rjjnyvxif3czjq4groncoluqbhjt6g2u/Linux_x86_64/21.3/compilers/lib/acc_init_link_cuda.o /opt/apps/nfs/spack/opt/spack/linux-centos8-zen2/gcc-9.3.0/nvhpc-21.3-rjjnyvxif3czjq4groncoluqbhjt6g2u/Linux_x86_64/21.3/compilers/lib/acc_init_link_acc.o -lacchost -laccdevaux -laccdevice -ldl -lcudadevice -latomic -lnvhpcatm -lstdc++ -lnvomp -ldl -lpthread -lnvcpumath -lnsnvc -lnvc -lm -lgcc -lc -lgcc_s -dolink -cuda11020 -computecap 80 -o /tmp/pgcudacgHegnhCtN1L.cubin
/opt/apps/nfs/spack/opt/spack/linux-centos8-zen2/gcc-9.3.0/nvhpc-21.3-rjjnyvxif3czjq4groncoluqbhjt6g2u/Linux_x86_64/21.3/compilers/bin/tools/nvdd -fatobj /tmp/pgcudafatsgHe21aMSHIp.o -o /tmp/pgcudafatsgHe21aMSHIp.o -cuda11020 -dcuda /opt/apps/nfs/spack/opt/spack/linux-centos8-zen2/gcc-9.3.0/nvhpc-21.3-rjjnyvxif3czjq4groncoluqbhjt6g2u/Linux_x86_64/21.3/cuda/11.2 -init=ctxrel -sm 80 /tmp/pgcudacgHegnhCtN1L.cubin
/usr/bin/ld /usr/lib64/crt1.o /usr/lib64/crti.o /tmp/pgcudafatsgHe21aMSHIp.o /opt/apps/nfs/spack/opt/spack/linux-centos8-zen2/gcc-9.3.0/nvhpc-21.3-rjjnyvxif3czjq4groncoluqbhjt6g2u/Linux_x86_64/21.3/compilers/lib/trace_init.o /usr/lib/gcc/x86_64-redhat-linux/8/crtbegin.o --eh-frame-hdr -m elf_x86_64 -dynamic-linker /lib64/ld-linux-x86-64.so.2 /opt/apps/nfs/spack/opt/spack/linux-centos8-zen2/gcc-9.3.0/nvhpc-21.3-rjjnyvxif3czjq4groncoluqbhjt6g2u/Linux_x86_64/21.3/compilers/lib/nvhpc.ld -L/opt/apps/nfs/spack/opt/spack/linux-centos8-zen2/gcc-9.3.0/nvhpc-21.3-rjjnyvxif3czjq4groncoluqbhjt6g2u/Linux_x86_64/21.3/compilers/lib -L/opt/apps/nfs/spack/opt/spack/linux-centos8-zen/gcc-8.3.1/gcc-9.3.0-yuektlndiynoevlc7qkmwudsixdokdom/lib64 -L/opt/apps/nfs/spack/opt/spack/linux-centos8-zen/gcc-8.3.1/gcc-9.3.0-yuektlndiynoevlc7qkmwudsixdokdom/lib -L/opt/apps/nfs/spack/opt/spack/linux-centos8-zen2/gcc-9.3.0/nvhpc-21.3-rjjnyvxif3czjq4groncoluqbhjt6g2u/Linux_x86_64/21.3/compilers/lib -L/usr/lib64 -L/usr/lib/gcc/x86_64-redhat-linux/8 CMakeFiles/cmTC_c61dc.dir/CMakeCXXCompilerABI.cpp.o -rpath /opt/apps/nfs/spack/opt/spack/linux-centos8-zen2/gcc-9.3.0/nvhpc-21.3-rjjnyvxif3czjq4groncoluqbhjt6g2u/Linux_x86_64/21.3/compilers/lib -rpath /opt/apps/nfs/spack/opt/spack/linux-centos8-zen2/gcc-9.3.0/nvhpc-21.3-rjjnyvxif3czjq4groncoluqbhjt6g2u/Linux_x86_64/21.3/math_libs/11.2/lib64 -rpath /opt/apps/nfs/spack/opt/spack/linux-centos8-zen2/gcc-9.3.0/nvhpc-21.3-rjjnyvxif3czjq4groncoluqbhjt6g2u/Linux_x86_64/21.3/cuda/11.2/lib64 -rpath /usr/lib/gcc/x86_64-redhat-linux/8/../../../../lib64 -o cmTC_c61dc -L/usr/lib/gcc/x86_64-redhat-linux/8/../../../../lib64 /opt/apps/nfs/spack/opt/spack/linux-centos8-zen2/gcc-9.3.0/nvhpc-21.3-rjjnyvxif3czjq4groncoluqbhjt6g2u/Linux_x86_64/21.3/compilers/lib/acc_init_link_cuda.o /opt/apps/nfs/spack/opt/spack/linux-centos8-zen2/gcc-9.3.0/nvhpc-21.3-rjjnyvxif3czjq4groncoluqbhjt6g2u/Linux_x86_64/21.3/compilers/lib/acc_init_link_acc.o -lacchost -laccdevaux -laccdevice -ldl -lcudadevice -latomic -lnvhpcatm -lstdc++ -lnvomp -ldl --as-needed -lnvhpcatm -latomic --no-as-needed -lpthread --start-group -lnvcpumath -lnsnvc -lnvc --end-group -lm -lgcc -lc -lgcc -lgcc_s /usr/lib/gcc/x86_64-redhat-linux/8/crtend.o /usr/lib64/crtn.o
unlink /tmp/pgcudafatsgHe21aMSHIp.o
unlink /tmp/pgcudacgHegnhCtN1L.cubin
gmake[1]: Leaving directory '/home/and21829/circustent_journal_eval/circustent/build/CMakeFiles/CMakeTmp'



Parsed CXX implicit include dir info from above output: rv=start
  warn: unable to parse implicit include dirs!


Parsed CXX implicit link information from above output:
  link line regex: [^( *|.*[/\])(ld|CMAKE_LINK_STARTFILE-NOTFOUND|([^/\]+-)?ld|collect2)[^/\]*( |$)]
  ignore line: [Change Dir: /home/and21829/circustent_journal_eval/circustent/build/CMakeFiles/CMakeTmp]
  ignore line: []
  ignore line: [Run Build Command(s):/usr/bin/gmake cmTC_c61dc/fast && /usr/bin/gmake  -f CMakeFiles/cmTC_c61dc.dir/build.make CMakeFiles/cmTC_c61dc.dir/build]
  ignore line: [gmake[1]: Entering directory '/home/and21829/circustent_journal_eval/circustent/build/CMakeFiles/CMakeTmp']
  ignore line: [Building CXX object CMakeFiles/cmTC_c61dc.dir/CMakeCXXCompilerABI.cpp.o]
  ignore line: [/opt/apps/nfs/spack/opt/spack/linux-centos8-zen2/gcc-9.3.0/nvhpc-21.3-rjjnyvxif3czjq4groncoluqbhjt6g2u/Linux_x86_64/21.3/compilers/bin/nvc++    -ta=tesla:cc80    -v -o CMakeFiles/cmTC_c61dc.dir/CMakeCXXCompilerABI.cpp.o -c /opt/apps/nfs/spack/opt/spack/linux-centos8-zen2/gcc-9.3.0/cmake-3.17.3-6oxbiqlh3iqc4dn77nufq56pdrsoqa3j/share/cmake-3.17/Modules/CMakeCXXCompilerABI.cpp]
  ignore line: [Export PGI_CURR_CUDA_HOME=/opt/apps/nfs/spack/opt/spack/linux-centos8-zen2/gcc-9.3.0/nvhpc-21.3-rjjnyvxif3czjq4groncoluqbhjt6g2u/Linux_x86_64/21.3/cuda/11.2]
  ignore line: [Export NVCOMPILER=/opt/apps/nfs/spack/opt/spack/linux-centos8-zen2/gcc-9.3.0/nvhpc-21.3-rjjnyvxif3czjq4groncoluqbhjt6g2u/Linux_x86_64/21.3]
  ignore line: [Export PGI=/opt/apps/nfs/spack/opt/spack/linux-centos8-zen2/gcc-9.3.0/nvhpc-21.3-rjjnyvxif3czjq4groncoluqbhjt6g2u]
  ignore line: []
  ignore line: [/opt/apps/nfs/spack/opt/spack/linux-centos8-zen2/gcc-9.3.0/nvhpc-21.3-rjjnyvxif3czjq4groncoluqbhjt6g2u/Linux_x86_64/21.3/compilers/bin/tools/cpp1 --llalign -Dunix -D__unix -D__unix__ -Dlinux -D__linux -D__linux__ -D__NO_MATH_INLINES -D__LP64__ -D__x86_64 -D__x86_64__ -D__LONG_MAX__=9223372036854775807L '-D__SIZE_TYPE__=unsigned long int' '-D__PTRDIFF_TYPE__=long int' -D__amd64 -D__amd64__ -D__k8 -D__k8__ -D__MMX__ -D__SSE__ -D__SSE2__ -D__SSE3__ -D__SSSE3__ -D__SSE4A__ -D__ABM__ -D__SSE4_2__ -D__AVX__ -D__AVX2__ -D__FMA__ -D__XSAVE__ -D__POPCNT__ -D__FXSR__ -D__PGI -D__NVCOMPILER -D_GNU_SOURCE -D_PGCG_SOURCE -I- -I/opt/apps/nfs/spack/opt/spack/linux-centos8-zen2/gcc-9.3.0/nvhpc-21.3-rjjnyvxif3czjq4groncoluqbhjt6g2u/Linux_x86_64/21.3/compilers/include-gcc70 -I/opt/apps/nfs/spack/opt/spack/linux-centos8-zen2/gcc-9.3.0/nvhpc-21.3-rjjnyvxif3czjq4groncoluqbhjt6g2u/Linux_x86_64/21.3/compilers/include -I/usr/include/c++/8 -I/usr/include/c++/8/x86_64-redhat-linux -I/usr/include/c++/8/backward -I/usr/lib/gcc/x86_64-redhat-linux/8/include -I/usr/local/include -I/usr/include -I/opt/apps/nfs/spack/opt/spack/linux-centos8-zen2/gcc-9.3.0/nvhpc-21.3-rjjnyvxif3czjq4groncoluqbhjt6g2u/Linux_x86_64/21.3/compilers/include-gcc70 -I/opt/apps/nfs/spack/opt/spack/linux-centos8-zen2/gcc-9.3.0/nvhpc-21.3-rjjnyvxif3czjq4groncoluqbhjt6g2u/Linux_x86_64/21.3/compilers/include -I/usr/lib/gcc/x86_64-redhat-linux/8/include -I/usr/local/include -I/usr/include -I/opt/apps/nfs/spack/opt/spack/linux-centos8-zen2/gcc-9.3.0/nvhpc-21.3-rjjnyvxif3czjq4groncoluqbhjt6g2u/Linux_x86_64/21.3/math_libs/11.2/include -I/opt/apps/nfs/spack/opt/spack/linux-centos8-zen2/gcc-9.3.0/nvhpc-21.3-rjjnyvxif3czjq4groncoluqbhjt6g2u/Linux_x86_64/21.3/cuda/11.2/include -D__PGLLVM__ -D__NVCOMPILER_LLVM__ -D__extension__= -D_ACCEL=201003 -D_OPENACC=201711 -DCUDA_VERSION=11020 -DPGI_TESLA_TARGET --preinclude _cplus_preinclude.h --preinclude_macros _cplus_macros.h --gnu_version=80301 -D__pgnu_vsn=80301 --accel --preinclude openacc_predef.h -q -o /tmp/nvc++FLGeD8ol449R.il /opt/apps/nfs/spack/opt/spack/linux-centos8-zen2/gcc-9.3.0/cmake-3.17.3-6oxbiqlh3iqc4dn77nufq56pdrsoqa3j/share/cmake-3.17/Modules/CMakeCXXCompilerABI.cpp]
  ignore line: []
  ignore line: [/opt/apps/nfs/spack/opt/spack/linux-centos8-zen2/gcc-9.3.0/nvhpc-21.3-rjjnyvxif3czjq4groncoluqbhjt6g2u/Linux_x86_64/21.3/compilers/bin/tools/cpp2 /opt/apps/nfs/spack/opt/spack/linux-centos8-zen2/gcc-9.3.0/cmake-3.17.3-6oxbiqlh3iqc4dn77nufq56pdrsoqa3j/share/cmake-3.17/Modules/CMakeCXXCompilerABI.cpp -opt 2 -x 119 0xa10000 -x 122 0x40 -x 123 0x1000 -x 127 4 -x 127 17 -x 19 0x400000 -x 28 0x40000 -x 120 0x10000000 -x 70 0x8000 -x 122 1 -x 125 0x20000 -quad -x 59 4 -tp zen -x 120 0x1000 -astype 0 -x 121 1 -fn /opt/apps/nfs/spack/opt/spack/linux-centos8-zen2/gcc-9.3.0/cmake-3.17.3-6oxbiqlh3iqc4dn77nufq56pdrsoqa3j/share/cmake-3.17/Modules/CMakeCXXCompilerABI.cpp -il /tmp/nvc++FLGeD8ol449R.il -x 117 0x200 -x 123 0x80000000 -x 123 4 -x 119 0x20 -def __pgnu_vsn=80301 -x 70 0x40000000 -x 183 4 -x 121 0x800 -x 6 0x20000 -x 249 110 -x 120 0x200000 -x 70 0x40000000 -x 8 0x40000000 -x 164 0x800000 -x 85 0x2000 -x 85 0x4000 -x 34 0x40000000 -x 53 0x800000 -x 68 0x1 -x 39 4 -x 56 0x10 -x 26 0x10 -x 26 1 -x 56 0x4000 -accel tesla -x 180 0x4000400 -x 121 0xc00 -x 186 0x80 -x 163 0x1 -x 186 0x80000 -cudaver 11020 -x 194 0x40000 -cudaroot /opt/apps/nfs/spack/opt/spack/linux-centos8-zen2/gcc-9.3.0/nvhpc-21.3-rjjnyvxif3czjq4groncoluqbhjt6g2u/Linux_x86_64/21.3/cuda/11.2 -x 176 0x100 -cudacap 80 -x 189 0x8000 -y 163 0xc0000000 -x 189 0x10 -y 189 0x4000000 -cudaroot /opt/apps/nfs/spack/opt/spack/linux-centos8-zen2/gcc-9.3.0/nvhpc-21.3-rjjnyvxif3czjq4groncoluqbhjt6g2u/Linux_x86_64/21.3/cuda/11.2 -x 187 0x40000 -x 187 0x8000000 -gnuvsn 80301 -x 69 0x200 -x 123 0x400 -cmdline '+nvc++ /tmp/nvc++FLGeD8ol449R.il -ta=tesla:cc80 -v -o CMakeFiles/cmTC_c61dc.dir/CMakeCXXCompilerABI.cpp.o -c' -asm /tmp/nvc++pLGeTG6CaH_I.ll]
  ignore line: [NVC++/x86-64 Linux 21.3-0: compilation successful]
  ignore line: []
  ignore line: [/opt/apps/nfs/spack/opt/spack/linux-centos8-zen2/gcc-9.3.0/nvhpc-21.3-rjjnyvxif3czjq4groncoluqbhjt6g2u/Linux_x86_64/21.3/compilers/share/llvm/bin/opt -O2 -openmp-opt-disable -mcpu=native /tmp/nvc++pLGeTG6CaH_I.ll -S -o /tmp/nvc++-LGe9ydLU2y9.llvm]
  ignore line: []
  ignore line: [/opt/apps/nfs/spack/opt/spack/linux-centos8-zen2/gcc-9.3.0/nvhpc-21.3-rjjnyvxif3czjq4groncoluqbhjt6g2u/Linux_x86_64/21.3/compilers/share/llvm/bin/llc /tmp/nvc++-LGe9ydLU2y9.llvm -march=x86-64 -mcpu=native -O2 -fast-isel=0 -non-global-value-max-name-size=4294967295 -x86-cmov-converter=0 --frame-pointer=none -o /tmp/nvc++hLGevMUhopz-.s]
  ignore line: []
  ignore line: [/usr/bin/as /tmp/nvc++hLGevMUhopz-.s -I/opt/apps/nfs/spack/opt/spack/linux-centos8-zen2/gcc-9.3.0/nvhpc-21.3-rjjnyvxif3czjq4groncoluqbhjt6g2u/Linux_x86_64/21.3/math_libs/11.2/include/ -I/opt/apps/nfs/spack/opt/spack/linux-centos8-zen2/gcc-9.3.0/nvhpc-21.3-rjjnyvxif3czjq4groncoluqbhjt6g2u/Linux_x86_64/21.3/cuda/11.2/include/ -o CMakeFiles/cmTC_c61dc.dir/CMakeCXXCompilerABI.cpp.o]
  ignore line: [Unlinking /tmp/nvc++FLGeD8ol449R.il]
  ignore line: [Unlinking /tmp/nvc++xLGefGMqaJcW.s]
  ignore line: [Unlinking /tmp/nvc++pLGeTG6CaH_I.ll]
  ignore line: [Unlinking /tmp/nvc++hLGevMUhopz-.s]
  ignore line: [Unlinking /tmp/nvc++-LGe9ydLU2y9.llvm]
  ignore line: [Linking CXX executable cmTC_c61dc]
  ignore line: [/opt/apps/nfs/spack/opt/spack/linux-centos8-zen2/gcc-9.3.0/cmake-3.17.3-6oxbiqlh3iqc4dn77nufq56pdrsoqa3j/bin/cmake -E cmake_link_script CMakeFiles/cmTC_c61dc.dir/link.txt --verbose=1]
  ignore line: [/opt/apps/nfs/spack/opt/spack/linux-centos8-zen2/gcc-9.3.0/nvhpc-21.3-rjjnyvxif3czjq4groncoluqbhjt6g2u/Linux_x86_64/21.3/compilers/bin/nvc++  -ta=tesla:cc80    -v CMakeFiles/cmTC_c61dc.dir/CMakeCXXCompilerABI.cpp.o  -o cmTC_c61dc ]
  ignore line: [Export PGI_CURR_CUDA_HOME=/opt/apps/nfs/spack/opt/spack/linux-centos8-zen2/gcc-9.3.0/nvhpc-21.3-rjjnyvxif3czjq4groncoluqbhjt6g2u/Linux_x86_64/21.3/cuda/11.2]
  ignore line: [Export NVCOMPILER=/opt/apps/nfs/spack/opt/spack/linux-centos8-zen2/gcc-9.3.0/nvhpc-21.3-rjjnyvxif3czjq4groncoluqbhjt6g2u/Linux_x86_64/21.3]
  ignore line: [Export PGI=/opt/apps/nfs/spack/opt/spack/linux-centos8-zen2/gcc-9.3.0/nvhpc-21.3-rjjnyvxif3czjq4groncoluqbhjt6g2u]
  ignore line: []
  ignore line: [/opt/apps/nfs/spack/opt/spack/linux-centos8-zen2/gcc-9.3.0/nvhpc-21.3-rjjnyvxif3czjq4groncoluqbhjt6g2u/Linux_x86_64/21.3/compilers/bin/tools/acclnk -nvidia /opt/apps/nfs/spack/opt/spack/linux-centos8-zen2/gcc-9.3.0/nvhpc-21.3-rjjnyvxif3czjq4groncoluqbhjt6g2u/Linux_x86_64/21.3/compilers/bin/tools/nvdd -cuda11020 -cudaroot /opt/apps/nfs/spack/opt/spack/linux-centos8-zen2/gcc-9.3.0/nvhpc-21.3-rjjnyvxif3czjq4groncoluqbhjt6g2u/Linux_x86_64/21.3/cuda/11.2 -computecap=80 -init=ctxrel -v /usr/bin/ld /usr/lib64/crt1.o /usr/lib64/crti.o /opt/apps/nfs/spack/opt/spack/linux-centos8-zen2/gcc-9.3.0/nvhpc-21.3-rjjnyvxif3czjq4groncoluqbhjt6g2u/Linux_x86_64/21.3/compilers/lib/trace_init.o /usr/lib/gcc/x86_64-redhat-linux/8/crtbegin.o --eh-frame-hdr -m elf_x86_64 -dynamic-linker /lib64/ld-linux-x86-64.so.2 /opt/apps/nfs/spack/opt/spack/linux-centos8-zen2/gcc-9.3.0/nvhpc-21.3-rjjnyvxif3czjq4groncoluqbhjt6g2u/Linux_x86_64/21.3/compilers/lib/nvhpc.ld -L/opt/apps/nfs/spack/opt/spack/linux-centos8-zen2/gcc-9.3.0/nvhpc-21.3-rjjnyvxif3czjq4groncoluqbhjt6g2u/Linux_x86_64/21.3/compilers/lib -L/opt/apps/nfs/spack/opt/spack/linux-centos8-zen/gcc-8.3.1/gcc-9.3.0-yuektlndiynoevlc7qkmwudsixdokdom/lib64 -L/opt/apps/nfs/spack/opt/spack/linux-centos8-zen/gcc-8.3.1/gcc-9.3.0-yuektlndiynoevlc7qkmwudsixdokdom/lib -L/opt/apps/nfs/spack/opt/spack/linux-centos8-zen2/gcc-9.3.0/nvhpc-21.3-rjjnyvxif3czjq4groncoluqbhjt6g2u/Linux_x86_64/21.3/compilers/lib -L/usr/lib64 -L/usr/lib/gcc/x86_64-redhat-linux/8 CMakeFiles/cmTC_c61dc.dir/CMakeCXXCompilerABI.cpp.o -rpath /opt/apps/nfs/spack/opt/spack/linux-centos8-zen2/gcc-9.3.0/nvhpc-21.3-rjjnyvxif3czjq4groncoluqbhjt6g2u/Linux_x86_64/21.3/compilers/lib -rpath /opt/apps/nfs/spack/opt/spack/linux-centos8-zen2/gcc-9.3.0/nvhpc-21.3-rjjnyvxif3czjq4groncoluqbhjt6g2u/Linux_x86_64/21.3/math_libs/11.2/lib64 -rpath /opt/apps/nfs/spack/opt/spack/linux-centos8-zen2/gcc-9.3.0/nvhpc-21.3-rjjnyvxif3czjq4groncoluqbhjt6g2u/Linux_x86_64/21.3/cuda/11.2/lib64 -rpath /usr/lib/gcc/x86_64-redhat-linux/8/../../../../lib64 -o cmTC_c61dc -L/usr/lib/gcc/x86_64-redhat-linux/8/../../../../lib64 /opt/apps/nfs/spack/opt/spack/linux-centos8-zen2/gcc-9.3.0/nvhpc-21.3-rjjnyvxif3czjq4groncoluqbhjt6g2u/Linux_x86_64/21.3/compilers/lib/acc_init_link_cuda.o /opt/apps/nfs/spack/opt/spack/linux-centos8-zen2/gcc-9.3.0/nvhpc-21.3-rjjnyvxif3czjq4groncoluqbhjt6g2u/Linux_x86_64/21.3/compilers/lib/acc_init_link_acc.o -lacchost -laccdevaux -laccdevice -ldl -lcudadevice -latomic -lnvhpcatm -lstdc++ -lnvomp -ldl --as-needed -lnvhpcatm -latomic --no-as-needed -lpthread --start-group -lnvcpumath -lnsnvc -lnvc --end-group -lm -lgcc -lc -lgcc -lgcc_s /usr/lib/gcc/x86_64-redhat-linux/8/crtend.o /usr/lib64/crtn.o]
  ignore line: [/opt/apps/nfs/spack/opt/spack/linux-centos8-zen2/gcc-9.3.0/nvhpc-21.3-rjjnyvxif3czjq4groncoluqbhjt6g2u/Linux_x86_64/21.3/compilers/bin/tools/nvdd -dcuda /opt/apps/nfs/spack/opt/spack/linux-centos8-zen2/gcc-9.3.0/nvhpc-21.3-rjjnyvxif3czjq4groncoluqbhjt6g2u/Linux_x86_64/21.3/cuda/11.2 /opt/apps/nfs/spack/opt/spack/linux-centos8-zen2/gcc-9.3.0/nvhpc-21.3-rjjnyvxif3czjq4groncoluqbhjt6g2u/Linux_x86_64/21.3/compilers/lib/trace_init.o -L/opt/apps/nfs/spack/opt/spack/linux-centos8-zen2/gcc-9.3.0/nvhpc-21.3-rjjnyvxif3czjq4groncoluqbhjt6g2u/Linux_x86_64/21.3/compilers/lib -L/opt/apps/nfs/spack/opt/spack/linux-centos8-zen/gcc-8.3.1/gcc-9.3.0-yuektlndiynoevlc7qkmwudsixdokdom/lib64 -L/opt/apps/nfs/spack/opt/spack/linux-centos8-zen/gcc-8.3.1/gcc-9.3.0-yuektlndiynoevlc7qkmwudsixdokdom/lib -L/opt/apps/nfs/spack/opt/spack/linux-centos8-zen2/gcc-9.3.0/nvhpc-21.3-rjjnyvxif3czjq4groncoluqbhjt6g2u/Linux_x86_64/21.3/compilers/lib -L/usr/lib64 -L/usr/lib/gcc/x86_64-redhat-linux/8 CMakeFiles/cmTC_c61dc.dir/CMakeCXXCompilerABI.cpp.o -L/usr/lib/gcc/x86_64-redhat-linux/8/../../../../lib64 /opt/apps/nfs/spack/opt/spack/linux-centos8-zen2/gcc-9.3.0/nvhpc-21.3-rjjnyvxif3czjq4groncoluqbhjt6g2u/Linux_x86_64/21.3/compilers/lib/acc_init_link_cuda.o /opt/apps/nfs/spack/opt/spack/linux-centos8-zen2/gcc-9.3.0/nvhpc-21.3-rjjnyvxif3czjq4groncoluqbhjt6g2u/Linux_x86_64/21.3/compilers/lib/acc_init_link_acc.o -lacchost -laccdevaux -laccdevice -ldl -lcudadevice -latomic -lnvhpcatm -lstdc++ -lnvomp -ldl -lpthread -lnvcpumath -lnsnvc -lnvc -lm -lgcc -lc -lgcc_s -dolink -cuda11020 -computecap 80 -o /tmp/pgcudacgHegnhCtN1L.cubin]
  ignore line: [/opt/apps/nfs/spack/opt/spack/linux-centos8-zen2/gcc-9.3.0/nvhpc-21.3-rjjnyvxif3czjq4groncoluqbhjt6g2u/Linux_x86_64/21.3/compilers/bin/tools/nvdd -fatobj /tmp/pgcudafatsgHe21aMSHIp.o -o /tmp/pgcudafatsgHe21aMSHIp.o -cuda11020 -dcuda /opt/apps/nfs/spack/opt/spack/linux-centos8-zen2/gcc-9.3.0/nvhpc-21.3-rjjnyvxif3czjq4groncoluqbhjt6g2u/Linux_x86_64/21.3/cuda/11.2 -init=ctxrel -sm 80 /tmp/pgcudacgHegnhCtN1L.cubin]
  link line: [/usr/bin/ld /usr/lib64/crt1.o /usr/lib64/crti.o /tmp/pgcudafatsgHe21aMSHIp.o /opt/apps/nfs/spack/opt/spack/linux-centos8-zen2/gcc-9.3.0/nvhpc-21.3-rjjnyvxif3czjq4groncoluqbhjt6g2u/Linux_x86_64/21.3/compilers/lib/trace_init.o /usr/lib/gcc/x86_64-redhat-linux/8/crtbegin.o --eh-frame-hdr -m elf_x86_64 -dynamic-linker /lib64/ld-linux-x86-64.so.2 /opt/apps/nfs/spack/opt/spack/linux-centos8-zen2/gcc-9.3.0/nvhpc-21.3-rjjnyvxif3czjq4groncoluqbhjt6g2u/Linux_x86_64/21.3/compilers/lib/nvhpc.ld -L/opt/apps/nfs/spack/opt/spack/linux-centos8-zen2/gcc-9.3.0/nvhpc-21.3-rjjnyvxif3czjq4groncoluqbhjt6g2u/Linux_x86_64/21.3/compilers/lib -L/opt/apps/nfs/spack/opt/spack/linux-centos8-zen/gcc-8.3.1/gcc-9.3.0-yuektlndiynoevlc7qkmwudsixdokdom/lib64 -L/opt/apps/nfs/spack/opt/spack/linux-centos8-zen/gcc-8.3.1/gcc-9.3.0-yuektlndiynoevlc7qkmwudsixdokdom/lib -L/opt/apps/nfs/spack/opt/spack/linux-centos8-zen2/gcc-9.3.0/nvhpc-21.3-rjjnyvxif3czjq4groncoluqbhjt6g2u/Linux_x86_64/21.3/compilers/lib -L/usr/lib64 -L/usr/lib/gcc/x86_64-redhat-linux/8 CMakeFiles/cmTC_c61dc.dir/CMakeCXXCompilerABI.cpp.o -rpath /opt/apps/nfs/spack/opt/spack/linux-centos8-zen2/gcc-9.3.0/nvhpc-21.3-rjjnyvxif3czjq4groncoluqbhjt6g2u/Linux_x86_64/21.3/compilers/lib -rpath /opt/apps/nfs/spack/opt/spack/linux-centos8-zen2/gcc-9.3.0/nvhpc-21.3-rjjnyvxif3czjq4groncoluqbhjt6g2u/Linux_x86_64/21.3/math_libs/11.2/lib64 -rpath /opt/apps/nfs/spack/opt/spack/linux-centos8-zen2/gcc-9.3.0/nvhpc-21.3-rjjnyvxif3czjq4groncoluqbhjt6g2u/Linux_x86_64/21.3/cuda/11.2/lib64 -rpath /usr/lib/gcc/x86_64-redhat-linux/8/../../../../lib64 -o cmTC_c61dc -L/usr/lib/gcc/x86_64-redhat-linux/8/../../../../lib64 /opt/apps/nfs/spack/opt/spack/linux-centos8-zen2/gcc-9.3.0/nvhpc-21.3-rjjnyvxif3czjq4groncoluqbhjt6g2u/Linux_x86_64/21.3/compilers/lib/acc_init_link_cuda.o /opt/apps/nfs/spack/opt/spack/linux-centos8-zen2/gcc-9.3.0/nvhpc-21.3-rjjnyvxif3czjq4groncoluqbhjt6g2u/Linux_x86_64/21.3/compilers/lib/acc_init_link_acc.o -lacchost -laccdevaux -laccdevice -ldl -lcudadevice -latomic -lnvhpcatm -lstdc++ -lnvomp -ldl --as-needed -lnvhpcatm -latomic --no-as-needed -lpthread --start-group -lnvcpumath -lnsnvc -lnvc --end-group -lm -lgcc -lc -lgcc -lgcc_s /usr/lib/gcc/x86_64-redhat-linux/8/crtend.o /usr/lib64/crtn.o]
    arg [/usr/bin/ld] ==> ignore
    arg [/usr/lib64/crt1.o] ==> ignore
    arg [/usr/lib64/crti.o] ==> ignore
    arg [/tmp/pgcudafatsgHe21aMSHIp.o] ==> ignore
    arg [/opt/apps/nfs/spack/opt/spack/linux-centos8-zen2/gcc-9.3.0/nvhpc-21.3-rjjnyvxif3czjq4groncoluqbhjt6g2u/Linux_x86_64/21.3/compilers/lib/trace_init.o] ==> ignore
    arg [/usr/lib/gcc/x86_64-redhat-linux/8/crtbegin.o] ==> ignore
    arg [--eh-frame-hdr] ==> ignore
    arg [-m] ==> ignore
    arg [elf_x86_64] ==> ignore
    arg [-dynamic-linker] ==> ignore
    arg [/lib64/ld-linux-x86-64.so.2] ==> ignore
    arg [/opt/apps/nfs/spack/opt/spack/linux-centos8-zen2/gcc-9.3.0/nvhpc-21.3-rjjnyvxif3czjq4groncoluqbhjt6g2u/Linux_x86_64/21.3/compilers/lib/nvhpc.ld] ==> ignore
    arg [-L/opt/apps/nfs/spack/opt/spack/linux-centos8-zen2/gcc-9.3.0/nvhpc-21.3-rjjnyvxif3czjq4groncoluqbhjt6g2u/Linux_x86_64/21.3/compilers/lib] ==> dir [/opt/apps/nfs/spack/opt/spack/linux-centos8-zen2/gcc-9.3.0/nvhpc-21.3-rjjnyvxif3czjq4groncoluqbhjt6g2u/Linux_x86_64/21.3/compilers/lib]
    arg [-L/opt/apps/nfs/spack/opt/spack/linux-centos8-zen/gcc-8.3.1/gcc-9.3.0-yuektlndiynoevlc7qkmwudsixdokdom/lib64] ==> dir [/opt/apps/nfs/spack/opt/spack/linux-centos8-zen/gcc-8.3.1/gcc-9.3.0-yuektlndiynoevlc7qkmwudsixdokdom/lib64]
    arg [-L/opt/apps/nfs/spack/opt/spack/linux-centos8-zen/gcc-8.3.1/gcc-9.3.0-yuektlndiynoevlc7qkmwudsixdokdom/lib] ==> dir [/opt/apps/nfs/spack/opt/spack/linux-centos8-zen/gcc-8.3.1/gcc-9.3.0-yuektlndiynoevlc7qkmwudsixdokdom/lib]
    arg [-L/opt/apps/nfs/spack/opt/spack/linux-centos8-zen2/gcc-9.3.0/nvhpc-21.3-rjjnyvxif3czjq4groncoluqbhjt6g2u/Linux_x86_64/21.3/compilers/lib] ==> dir [/opt/apps/nfs/spack/opt/spack/linux-centos8-zen2/gcc-9.3.0/nvhpc-21.3-rjjnyvxif3czjq4groncoluqbhjt6g2u/Linux_x86_64/21.3/compilers/lib]
    arg [-L/usr/lib64] ==> dir [/usr/lib64]
    arg [-L/usr/lib/gcc/x86_64-redhat-linux/8] ==> dir [/usr/lib/gcc/x86_64-redhat-linux/8]
    arg [CMakeFiles/cmTC_c61dc.dir/CMakeCXXCompilerABI.cpp.o] ==> ignore
    arg [-rpath] ==> ignore
    arg [/opt/apps/nfs/spack/opt/spack/linux-centos8-zen2/gcc-9.3.0/nvhpc-21.3-rjjnyvxif3czjq4groncoluqbhjt6g2u/Linux_x86_64/21.3/compilers/lib] ==> ignore
    arg [-rpath] ==> ignore
    arg [/opt/apps/nfs/spack/opt/spack/linux-centos8-zen2/gcc-9.3.0/nvhpc-21.3-rjjnyvxif3czjq4groncoluqbhjt6g2u/Linux_x86_64/21.3/math_libs/11.2/lib64] ==> ignore
    arg [-rpath] ==> ignore
    arg [/opt/apps/nfs/spack/opt/spack/linux-centos8-zen2/gcc-9.3.0/nvhpc-21.3-rjjnyvxif3czjq4groncoluqbhjt6g2u/Linux_x86_64/21.3/cuda/11.2/lib64] ==> ignore
    arg [-rpath] ==> ignore
    arg [/usr/lib/gcc/x86_64-redhat-linux/8/../../../../lib64] ==> ignore
    arg [-o] ==> ignore
    arg [cmTC_c61dc] ==> ignore
    arg [-L/usr/lib/gcc/x86_64-redhat-linux/8/../../../../lib64] ==> dir [/usr/lib/gcc/x86_64-redhat-linux/8/../../../../lib64]
    arg [/opt/apps/nfs/spack/opt/spack/linux-centos8-zen2/gcc-9.3.0/nvhpc-21.3-rjjnyvxif3czjq4groncoluqbhjt6g2u/Linux_x86_64/21.3/compilers/lib/acc_init_link_cuda.o] ==> ignore
    arg [/opt/apps/nfs/spack/opt/spack/linux-centos8-zen2/gcc-9.3.0/nvhpc-21.3-rjjnyvxif3czjq4groncoluqbhjt6g2u/Linux_x86_64/21.3/compilers/lib/acc_init_link_acc.o] ==> ignore
    arg [-lacchost] ==> lib [acchost]
    arg [-laccdevaux] ==> lib [accdevaux]
    arg [-laccdevice] ==> lib [accdevice]
    arg [-ldl] ==> lib [dl]
    arg [-lcudadevice] ==> lib [cudadevice]
    arg [-latomic] ==> lib [atomic]
    arg [-lnvhpcatm] ==> lib [nvhpcatm]
    arg [-lstdc++] ==> lib [stdc++]
    arg [-lnvomp] ==> lib [nvomp]
    arg [-ldl] ==> lib [dl]
    arg [--as-needed] ==> ignore
    arg [-lnvhpcatm] ==> lib [nvhpcatm]
    arg [-latomic] ==> lib [atomic]
    arg [--no-as-needed] ==> ignore
    arg [-lpthread] ==> lib [pthread]
    arg [--start-group] ==> ignore
    arg [-lnvcpumath] ==> lib [nvcpumath]
    arg [-lnsnvc] ==> lib [nsnvc]
    arg [-lnvc] ==> lib [nvc]
    arg [--end-group] ==> ignore
    arg [-lm] ==> lib [m]
    arg [-lgcc] ==> lib [gcc]
    arg [-lc] ==> lib [c]
    arg [-lgcc] ==> lib [gcc]
    arg [-lgcc_s] ==> lib [gcc_s]
    arg [/usr/lib/gcc/x86_64-redhat-linux/8/crtend.o] ==> ignore
    arg [/usr/lib64/crtn.o] ==> ignore
  collapse library dir [/opt/apps/nfs/spack/opt/spack/linux-centos8-zen2/gcc-9.3.0/nvhpc-21.3-rjjnyvxif3czjq4groncoluqbhjt6g2u/Linux_x86_64/21.3/compilers/lib] ==> [/opt/apps/nfs/spack/opt/spack/linux-centos8-zen2/gcc-9.3.0/nvhpc-21.3-rjjnyvxif3czjq4groncoluqbhjt6g2u/Linux_x86_64/21.3/compilers/lib]
  collapse library dir [/opt/apps/nfs/spack/opt/spack/linux-centos8-zen/gcc-8.3.1/gcc-9.3.0-yuektlndiynoevlc7qkmwudsixdokdom/lib64] ==> [/opt/apps/nfs/spack/opt/spack/linux-centos8-zen/gcc-8.3.1/gcc-9.3.0-yuektlndiynoevlc7qkmwudsixdokdom/lib64]
  collapse library dir [/opt/apps/nfs/spack/opt/spack/linux-centos8-zen/gcc-8.3.1/gcc-9.3.0-yuektlndiynoevlc7qkmwudsixdokdom/lib] ==> [/opt/apps/nfs/spack/opt/spack/linux-centos8-zen/gcc-8.3.1/gcc-9.3.0-yuektlndiynoevlc7qkmwudsixdokdom/lib]
  collapse library dir [/opt/apps/nfs/spack/opt/spack/linux-centos8-zen2/gcc-9.3.0/nvhpc-21.3-rjjnyvxif3czjq4groncoluqbhjt6g2u/Linux_x86_64/21.3/compilers/lib] ==> [/opt/apps/nfs/spack/opt/spack/linux-centos8-zen2/gcc-9.3.0/nvhpc-21.3-rjjnyvxif3czjq4groncoluqbhjt6g2u/Linux_x86_64/21.3/compilers/lib]
  collapse library dir [/usr/lib64] ==> [/usr/lib64]
  collapse library dir [/usr/lib/gcc/x86_64-redhat-linux/8] ==> [/usr/lib/gcc/x86_64-redhat-linux/8]
  collapse library dir [/usr/lib/gcc/x86_64-redhat-linux/8/../../../../lib64] ==> [/usr/lib64]
  implicit libs: [acchost;accdevaux;accdevice;dl;cudadevice;atomic;nvhpcatm;stdc++;nvomp;dl;nvhpcatm;atomic;pthread;nvcpumath;nsnvc;nvc;m;gcc;c;gcc;gcc_s]
  implicit dirs: [/opt/apps/nfs/spack/opt/spack/linux-centos8-zen2/gcc-9.3.0/nvhpc-21.3-rjjnyvxif3czjq4groncoluqbhjt6g2u/Linux_x86_64/21.3/compilers/lib;/opt/apps/nfs/spack/opt/spack/linux-centos8-zen/gcc-8.3.1/gcc-9.3.0-yuektlndiynoevlc7qkmwudsixdokdom/lib64;/opt/apps/nfs/spack/opt/spack/linux-centos8-zen/gcc-8.3.1/gcc-9.3.0-yuektlndiynoevlc7qkmwudsixdokdom/lib;/usr/lib64;/usr/lib/gcc/x86_64-redhat-linux/8]
  implicit fwks: []


